Archive member included because of file (symbol)

contiki-cc2538dk.a(mqtt.o)    mqtt-demo.co (mqtt_disconnect)
contiki-cc2538dk.a(leds.o)    mqtt-demo.co (leds_off)
contiki-cc2538dk.a(leds-arch.o)
                              contiki-cc2538dk.a(leds.o) (leds_arch_init)
contiki-cc2538dk.a(contiki-main.o)
                              obj_cc2538dk/startup-gcc.o (main)
contiki-cc2538dk.a(sensors.o)
                              mqtt-demo.co (sensors_event)
contiki-cc2538dk.a(smartrf-sensors)
                              contiki-cc2538dk.a(sensors.o) (sensors)
contiki-cc2538dk.a(button-sensor.o)
                              contiki-cc2538dk.a(contiki-main.o) (button_sensor_init)
contiki-cc2538dk.a(als-sensor.o)
                              contiki-cc2538dk.a(smartrf-sensors) (als_sensor)
contiki-cc2538dk.a(clock.o)   contiki-cc2538dk.a(contiki-main.o) (clock_init)
contiki-cc2538dk.a(rtimer-arch.o)
                              contiki-cc2538dk.a(clock.o) (rtimer_arch_now)
contiki-cc2538dk.a(uart.o)    mqtt-demo.co (uart_set_input)
contiki-cc2538dk.a(watchdog.o)
                              contiki-cc2538dk.a(contiki-main.o) (watchdog_init)
contiki-cc2538dk.a(nvic.o)    contiki-cc2538dk.a(contiki-main.o) (nvic_init)
contiki-cc2538dk.a(cpu.o)     contiki-cc2538dk.a(contiki-main.o) (cpu_cpsie)
contiki-cc2538dk.a(sys-ctrl.o)
                              contiki-cc2538dk.a(contiki-main.o) (sys_ctrl_init)
contiki-cc2538dk.a(gpio.o)    contiki-cc2538dk.a(button-sensor.o) (gpio_register_callback)
contiki-cc2538dk.a(ioc.o)     contiki-cc2538dk.a(contiki-main.o) (ioc_init)
contiki-cc2538dk.a(adc.o)     contiki-cc2538dk.a(contiki-main.o) (adc_init)
contiki-cc2538dk.a(crypto.o)  obj_cc2538dk/startup-gcc.o (crypto_isr)
contiki-cc2538dk.a(cc2538-rf.o)
                              obj_cc2538dk/startup-gcc.o (cc2538_rf_err_isr)
contiki-cc2538dk.a(udma.o)    contiki-cc2538dk.a(cc2538-rf.o) (udma_set_channel_src)
contiki-cc2538dk.a(lpm.o)     contiki-cc2538dk.a(uart.o) (lpm_register_peripheral)
contiki-cc2538dk.a(dbg.o)     mqtt-demo.co (puts)
contiki-cc2538dk.a(ieee-addr.o)
                              contiki-cc2538dk.a(contiki-main.o) (ieee_addr_cpy_to)
contiki-cc2538dk.a(cc2538-temp-sen)
                              contiki-cc2538dk.a(smartrf-sensors) (cc2538_temp_sensor)
contiki-cc2538dk.a(vdd3-sensor.o)
                              mqtt-demo.co (vdd3_sensor)
contiki-cc2538dk.a(dbg-printf.o)
                              mqtt-demo.co (printf)
contiki-cc2538dk.a(dbg-snprintf.o)
                              mqtt-demo.co (snprintf)
contiki-cc2538dk.a(strformat.o)
                              contiki-cc2538dk.a(dbg-printf.o) (format_str_v)
contiki-cc2538dk.a(autostart.o)
                              contiki-cc2538dk.a(contiki-main.o) (autostart_start)
contiki-cc2538dk.a(ctimer.o)  contiki-cc2538dk.a(mqtt.o) (ctimer_stop)
contiki-cc2538dk.a(energest.o)
                              contiki-cc2538dk.a(contiki-main.o) (energest_init)
contiki-cc2538dk.a(etimer.o)  mqtt-demo.co (etimer_expired)
contiki-cc2538dk.a(process.o)
                              contiki-cc2538dk.a(mqtt.o) (process_alloc_event)
contiki-cc2538dk.a(rtimer.o)  contiki-cc2538dk.a(rtimer-arch.o) (rtimer_run_next)
contiki-cc2538dk.a(timer.o)   contiki-cc2538dk.a(etimer.o) (timer_reset)
contiki-cc2538dk.a(serial-line.o)
                              mqtt-demo.co (serial_line_event_message)
contiki-cc2538dk.a(list.o)    contiki-cc2538dk.a(mqtt.o) (list_init)
contiki-cc2538dk.a(random.o)  contiki-cc2538dk.a(contiki-main.o) (random_init)
contiki-cc2538dk.a(ringbuf.o)
                              contiki-cc2538dk.a(serial-line.o) (ringbuf_init)
contiki-cc2538dk.a(sicslowpan.o)
                              mqtt-demo.co (sicslowpan_get_last_rssi)
contiki-cc2538dk.a(uip6.o)    contiki-cc2538dk.a(sicslowpan.o) (uip_aligned_buf)
contiki-cc2538dk.a(uip-ds6.o)
                              contiki-cc2538dk.a(uip6.o) (uip_ds6_if)
contiki-cc2538dk.a(uip-ds6-nbr.o)
                              contiki-cc2538dk.a(sicslowpan.o) (uip_ds6_link_neighbor_callback)
contiki-cc2538dk.a(uip-ds6-route.o)
                              mqtt-demo.co (uip_ds6_defrt_choose)
contiki-cc2538dk.a(uip-icmp6.o)
                              contiki-cc2538dk.a(uip6.o) (uip_icmp6_input)
contiki-cc2538dk.a(uip-nd6.o)
                              contiki-cc2538dk.a(uip6.o) (uip_nd6_init)
contiki-cc2538dk.a(tcpip.o)   contiki-cc2538dk.a(sicslowpan.o) (tcpip_set_outputfunc)
contiki-cc2538dk.a(tcp-socket.o)
                              contiki-cc2538dk.a(mqtt.o) (tcp_socket_close)
contiki-cc2538dk.a(uip-debug.o)
                              contiki-cc2538dk.a(uip-ds6-route.o) (uip_debug_ipaddr_print)
contiki-cc2538dk.a(uiplib.o)  contiki-cc2538dk.a(mqtt.o) (uiplib_ip6addrconv)
contiki-cc2538dk.a(linkaddr.o)
                              contiki-cc2538dk.a(sicslowpan.o) (linkaddr_cmp)
contiki-cc2538dk.a(nbr-table.o)
[...]
Memory Configuration

Name             Origin             Length             Attributes
FLASH            0x00200000         0x0007ffd4         xr
FLASH_CCA        0x0027ffd4         0x0000002c         xr
SRAM             0x20000000         0x00008000         xrw
*default*        0x00000000         0xffffffff

Linker script and memory map

LOAD obj_cc2538dk/startup-gcc.o
LOAD mqtt-demo.co
LOAD contiki-cc2538dk.a
START GROUP
LOAD /home/user/CodeSourcery/Sourcery_G++_Lite/bin/../lib/gcc/arm-none-eabi/4.3.2/thumb2/libgcc.a
LOAD /home/user/CodeSourcery/Sourcery_G++_Lite/bin/../lib/gcc/arm-none-eabi/4.3.2/../../../../arm-none-eabi/lib/thumb2/libc.a
END GROUP

.text           0x00200000     0xdf4a
                0x00200000                _text = .
 *(SORT(.vectors))
 .vectors       0x00200000      0x28c obj_cc2538dk/startup-gcc.o
                0x00200000                vectors
 *(SORT(.text*))
 .text.default_handler
                0x0020028c        0x4 obj_cc2538dk/startup-gcc.o
                0x0020028c                default_handler
                0x0020028c                usb_isr
 .text.reset_handler
                0x00200290       0x40 obj_cc2538dk/startup-gcc.o
                0x00200290                reset_handler
 .text.nmi_handler
                0x002002d0        0x8 obj_cc2538dk/startup-gcc.o
                0x002002d0                nmi_handler
 .text.uart0_input
                0x002002d8       0x40 mqtt-demo.co
                0x002002d8                uart0_input
 .text.process_thread_cc2538_demo_process
                0x00200318       0x64 mqtt-demo.co
 .text.process_thread_uart_response_process
                0x0020037c       0x4c mqtt-demo.co
 .text.process_thread_soil_process
                0x002003c8       0x68 mqtt-demo.co
 .text.ipaddr_sprintf
                0x00200430       0x88 mqtt-demo.co
                0x00200430                ipaddr_sprintf
 .text.publish_led_off
                0x002004b8        0xc mqtt-demo.co
 .text.mqtt_event
                0x002004c4       0xbc mqtt-demo.co
 .text.ping_parent
                0x00200580       0x1c mqtt-demo.co
 .text.process_thread_mqtt_demo_process
                0x0020059c      0x5e4 mqtt-demo.co
 .text.echo_reply_handler
                0x00200b80       0x24 mqtt-demo.co
 .text.encode_remaining_length
                0x00200ba4       0x28 contiki-cc2538dk.a(mqtt.o)
 .text.call_event
                0x00200bcc       0x1c contiki-cc2538dk.a(mqtt.o)
 .text.mqtt_disconnect
                0x00200be8       0x28 contiki-cc2538dk.a(mqtt.o)
                0x00200be8                mqtt_disconnect
 .text.reset_packet
                0x00200c10       0x14 contiki-cc2538dk.a(mqtt.o)
 .text.reset_defaults
                0x00200c24       0x24 contiki-cc2538dk.a(mqtt.o)
 .text.connect_tcp
                0x00200c48       0x54 contiki-cc2538dk.a(mqtt.o)
 .text.handle_publish
                0x00200c9c       0x2c contiki-cc2538dk.a(mqtt.o)
 .text.tcp_input
                0x00200cc8      0x308 contiki-cc2538dk.a(mqtt.o)
 .text.keep_alive_callback
                0x00200fd0       0x44 contiki-cc2538dk.a(mqtt.o)
 .text.abort_connection
                0x00201014       0x40 contiki-cc2538dk.a(mqtt.o)
 .text.tcp_event
                0x00201054       0x94 contiki-cc2538dk.a(mqtt.o)
 .text.send_out_buffer
                0x002010e8       0x28 contiki-cc2538dk.a(mqtt.o)
 .text.write_byte
                0x00201110       0x24 contiki-cc2538dk.a(mqtt.o)
 .text.write_bytes
                0x00201134       0x50 contiki-cc2538dk.a(mqtt.o)
 .text.process_thread_mqtt_process
                0x00201184     0x1088 contiki-cc2538dk.a(mqtt.o)
 .text.string_to_mqtt_string
                0x0020220c       0x18 contiki-cc2538dk.a(mqtt.o)
 .text.mqtt_set_username_password
                0x00202224       0x40 contiki-cc2538dk.a(mqtt.o)
                0x00202224                mqtt_set_username_password
 .text.mqtt_publish
                0x00202264       0x7c contiki-cc2538dk.a(mqtt.o)
                0x00202264                mqtt_publish
 .text.mqtt_subscribe
                0x002022e0       0x60 contiki-cc2538dk.a(mqtt.o)
                0x002022e0                mqtt_subscribe
 .text.mqtt_connect
                0x00202340       0x5c contiki-cc2538dk.a(mqtt.o)
                0x00202340                mqtt_connect
 .text.mqtt_init
                0x0020239c       0xb4 contiki-cc2538dk.a(mqtt.o)
                0x0020239c                mqtt_init
 .text.mqtt_register
                0x00202450       0x54 contiki-cc2538dk.a(mqtt.o)
                0x00202450                mqtt_register
 .text.show_leds
                0x002024a4       0x10 contiki-cc2538dk.a(leds.o)
 .text.leds_off
                0x002024b4       0x14 contiki-cc2538dk.a(leds.o)
                0x002024b4                leds_off
 .text.leds_on  0x002024c8       0x14 contiki-cc2538dk.a(leds.o)
                0x002024c8                leds_on
 .text.leds_init
                0x002024dc       0x14 contiki-cc2538dk.a(leds.o)
                0x002024dc                leds_init
 .text.leds_arch_init
                0x002024f0       0x10 contiki-cc2538dk.a(leds-arch.o)
                0x002024f0                leds_arch_init
 .text.leds_arch_set
                0x00202500        0xc contiki-cc2538dk.a(leds-arch.o)
                0x00202500                leds_arch_set
 .text.fade     0x0020250c       0x54 contiki-cc2538dk.a(contiki-main.o)
 .text.main     0x00202560      0x1d4 contiki-cc2538dk.a(contiki-main.o)
                0x00202560                main
 .text.get_sensor_index
                0x00202734       0x24 contiki-cc2538dk.a(sensors.o)
 .text.process_thread_sensors_process
                0x00202758       0xdc contiki-cc2538dk.a(sensors.o)
 .text.sensors_changed
                0x00202834       0x24 contiki-cc2538dk.a(sensors.o)
                0x00202834                sensors_changed
 .text.config   0x00202858       0x40 contiki-cc2538dk.a(button-sensor.o)
 .text.config_down
                0x00202898       0x30 contiki-cc2538dk.a(button-sensor.o)
 .text.config_up
                0x002028c8       0x30 contiki-cc2538dk.a(button-sensor.o)
 .text.config_right
                0x002028f8       0x30 contiki-cc2538dk.a(button-sensor.o)
 .text.config_left
                0x00202928       0x30 contiki-cc2538dk.a(button-sensor.o)
 .text.config_select
                0x00202958       0x30 contiki-cc2538dk.a(button-sensor.o)
 .text.button_sensor_init
                0x00202988       0x10 contiki-cc2538dk.a(button-sensor.o)
                0x00202988                button_sensor_init
 .text.btn_callback
                0x00202998       0x60 contiki-cc2538dk.a(button-sensor.o)
 .text.status   0x002029f8        0x4 contiki-cc2538dk.a(als-sensor.o)
 .text.configure
                0x002029fc       0x54 contiki-cc2538dk.a(als-sensor.o)
 .text.value    0x00202a50       0x28 contiki-cc2538dk.a(als-sensor.o)
 .text.clock_init
                0x00202a78       0x50 contiki-cc2538dk.a(clock.o)
                0x00202a78                clock_init
 .text.clock_time
                0x00202ac8       0x14 contiki-cc2538dk.a(clock.o)
                0x00202ac8                clock_time
 .text.clock_seconds
                0x00202adc       0x14 contiki-cc2538dk.a(clock.o)
                0x00202adc                clock_seconds
 .text.clock_delay_usec
                0x00202af0       0x24 contiki-cc2538dk.a(clock.o)
                0x00202af0                clock_delay_usec
 .text.update_ticks
                0x00202b14       0x4c contiki-cc2538dk.a(clock.o)
 .text.clock_isr
                0x00202b60        0x8 contiki-cc2538dk.a(clock.o)
                0x00202b60                clock_isr
 .text.clock_adjust
                0x00202b68       0x20 contiki-cc2538dk.a(clock.o)
                0x00202b68                clock_adjust
 .text.rtimer_arch_init
                0x00202b88        0x4 contiki-cc2538dk.a(rtimer-arch.o)
                0x00202b88                rtimer_arch_init
 .text.rtimer_arch_next_trigger
                0x00202b8c        0xc contiki-cc2538dk.a(rtimer-arch.o)
                0x00202b8c                rtimer_arch_next_trigger
 .text.rtimer_arch_now
                0x00202b98       0x24 contiki-cc2538dk.a(rtimer-arch.o)
                0x00202b98                rtimer_arch_now
 .text.rtimer_isr
                0x00202bbc       0x24 contiki-cc2538dk.a(rtimer-arch.o)
                0x00202bbc                rtimer_isr
 .text.rtimer_arch_schedule
                0x00202be0       0x58 contiki-cc2538dk.a(rtimer-arch.o)
                0x00202be0                rtimer_arch_schedule
 .text.permit_pm1
                0x00202c38       0x30 contiki-cc2538dk.a(uart.o)
 .text.uart_set_input
                0x00202c68       0x10 contiki-cc2538dk.a(uart.o)
                0x00202c68                uart_set_input
 .text.uart_write_byte
                0x00202c78       0x20 contiki-cc2538dk.a(uart.o)
                0x00202c78                uart_write_byte
 .text.uart_isr
                0x00202c98       0x64 contiki-cc2538dk.a(uart.o)
 .text.uart0_isr
                0x00202cfc        0xc contiki-cc2538dk.a(uart.o)
                0x00202cfc                uart0_isr
 .text.uart1_isr
                0x00202d08        0xc contiki-cc2538dk.a(uart.o)
                0x00202d08                uart1_isr
 .text.uart_init
                0x00202d14      0x194 contiki-cc2538dk.a(uart.o)
                0x00202d14                uart_init
 .text.watchdog_init
                0x00202ea8        0xc contiki-cc2538dk.a(watchdog.o)
                0x00202ea8                watchdog_init
 .text.watchdog_start
                0x00202eb4        0xc contiki-cc2538dk.a(watchdog.o)
                0x00202eb4                watchdog_start
 .text.watchdog_periodic
                0x00202ec0       0x10 contiki-cc2538dk.a(watchdog.o)
                0x00202ec0                watchdog_periodic
 .text.nvic_init
                0x00202ed0       0x3c contiki-cc2538dk.a(nvic.o)
                0x00202ed0                nvic_init
 .text.nvic_interrupt_enable
                0x00202f0c       0x18 contiki-cc2538dk.a(nvic.o)
                0x00202f0c                nvic_interrupt_enable
 .text.nvic_interrupt_disable
                0x00202f24       0x18 contiki-cc2538dk.a(nvic.o)
                0x00202f24                nvic_interrupt_disable
 .text.nvic_interrupt_unpend
                0x00202f3c       0x18 contiki-cc2538dk.a(nvic.o)
                0x00202f3c                nvic_interrupt_unpend
 .text.cpu_cpsie
                0x00202f54        0x8 contiki-cc2538dk.a(cpu.o)
                0x00202f54                cpu_cpsie
 .text.cpu_cpsid
                0x00202f5c        0x8 contiki-cc2538dk.a(cpu.o)
                0x00202f5c                cpu_cpsid
 .text.sys_ctrl_init
                0x00202f64       0x28 contiki-cc2538dk.a(sys-ctrl.o)
                0x00202f64                sys_ctrl_init
 .text.gpio_register_callback
                0x00202f8c       0x10 contiki-cc2538dk.a(gpio.o)
                0x00202f8c                gpio_register_callback
 .text.notify   0x00202f9c       0x34 contiki-cc2538dk.a(gpio.o)
                0x00202f9c                notify
 .text.gpio_init
                0x00202fd0       0x14 contiki-cc2538dk.a(gpio.o)
                0x00202fd0                gpio_init
 .text.gpio_port_isr
                0x00202fe4       0x4c contiki-cc2538dk.a(gpio.o)
 .text.gpio_port_d_isr
                0x00203030        0xc contiki-cc2538dk.a(gpio.o)
                0x00203030                gpio_port_d_isr
 .text.gpio_port_c_isr
                0x0020303c        0xc contiki-cc2538dk.a(gpio.o)
                0x0020303c                gpio_port_c_isr
 .text.gpio_port_b_isr
                0x00203048        0xc contiki-cc2538dk.a(gpio.o)
                0x00203048                gpio_port_b_isr
 .text.gpio_port_a_isr
                0x00203054        0xc contiki-cc2538dk.a(gpio.o)
                0x00203054                gpio_port_a_isr
 .text.ioc_init
                0x00203060       0x1c contiki-cc2538dk.a(ioc.o)
                0x00203060                ioc_init
 .text.ioc_set_over
                0x0020307c       0x14 contiki-cc2538dk.a(ioc.o)
                0x0020307c                ioc_set_over
 .text.ioc_set_sel
                0x00203090       0x14 contiki-cc2538dk.a(ioc.o)
                0x00203090                ioc_set_sel
 .text.adc_init
                0x002030a4       0x10 contiki-cc2538dk.a(adc.o)
                0x002030a4                adc_init
 .text.adc_get  0x002030b4       0x74 contiki-cc2538dk.a(adc.o)
                0x002030b4                adc_get
 .text.crypto_isr
                0x00203128       0x24 contiki-cc2538dk.a(crypto.o)
                0x00203128                crypto_isr
 .text.set_frame_filtering
                0x0020314c       0x1c contiki-cc2538dk.a(cc2538-rf.o)
 .text.on       0x00203168       0x2c contiki-cc2538dk.a(cc2538-rf.o)
 .text.off      0x00203194       0x3c contiki-cc2538dk.a(cc2538-rf.o)
 .text.set_channel
                0x002031d0       0x4c contiki-cc2538dk.a(cc2538-rf.o)
 .text.channel_clear
                0x0020321c       0x3c contiki-cc2538dk.a(cc2538-rf.o)
 .text.receiving_packet
                0x00203258       0x18 contiki-cc2538dk.a(cc2538-rf.o)
 .text.pending_packet
                0x00203270       0x10 contiki-cc2538dk.a(cc2538-rf.o)
 .text.get_value
                0x00203280      0x114 contiki-cc2538dk.a(cc2538-rf.o)
 .text.set_value
                0x00203394       0xe4 contiki-cc2538dk.a(cc2538-rf.o)
 .text.get_object
                0x00203478       0x2c contiki-cc2538dk.a(cc2538-rf.o)
 .text.set_object
                0x002034a4       0x28 contiki-cc2538dk.a(cc2538-rf.o)
 .text.read     0x002034cc       0xdc contiki-cc2538dk.a(cc2538-rf.o)
 .text.cc2538_rf_err_isr
                0x002035a8       0x30 contiki-cc2538dk.a(cc2538-rf.o)
                0x002035a8                cc2538_rf_err_isr
 .text.cc2538_rf_rx_tx_isr
                0x002035d8       0x18 contiki-cc2538dk.a(cc2538-rf.o)
                0x002035d8                cc2538_rf_rx_tx_isr
 .text.transmit
                0x002035f0       0x9c contiki-cc2538dk.a(cc2538-rf.o)
 .text.prepare  0x0020368c       0x68 contiki-cc2538dk.a(cc2538-rf.o)
 .text.send     0x002036f4       0x10 contiki-cc2538dk.a(cc2538-rf.o)
 .text.init     0x00203704       0xd8 contiki-cc2538dk.a(cc2538-rf.o)
 .text.process_thread_cc2538_rf_process
                0x002037dc       0x7c contiki-cc2538dk.a(cc2538-rf.o)
 .text.udma_set_channel_src
                0x00203858       0x10 contiki-cc2538dk.a(udma.o)
                0x00203858                udma_set_channel_src
 .text.udma_set_channel_dst
                0x00203868       0x14 contiki-cc2538dk.a(udma.o)
                0x00203868                udma_set_channel_dst
 .text.udma_set_channel_control_word
                0x0020387c       0x14 contiki-cc2538dk.a(udma.o)
                0x0020387c                udma_set_channel_control_word
 .text.udma_channel_enable
                0x00203890       0x18 contiki-cc2538dk.a(udma.o)
                0x00203890                udma_channel_enable
 .text.udma_channel_mask_set
                0x002038a8       0x18 contiki-cc2538dk.a(udma.o)
                0x002038a8                udma_channel_mask_set
 .text.udma_channel_sw_request
                0x002038c0       0x18 contiki-cc2538dk.a(udma.o)
                0x002038c0                udma_channel_sw_request
 .text.udma_channel_get_mode
                0x002038d8       0x1c contiki-cc2538dk.a(udma.o)
                0x002038d8                udma_channel_get_mode
 .text.udma_isr
                0x002038f4       0x10 contiki-cc2538dk.a(udma.o)
                0x002038f4                udma_isr
 .text.udma_err_isr
                0x00203904        0xc contiki-cc2538dk.a(udma.o)
                0x00203904                udma_err_isr
 .text.udma_init
                0x00203910       0x30 contiki-cc2538dk.a(udma.o)
                0x00203910                udma_init
 .text.enter_pm0
                0x00203940        0x4 contiki-cc2538dk.a(lpm.o)
 .text.select_32_mhz_xosc
                0x00203944       0x34 contiki-cc2538dk.a(lpm.o)
 .text.lpm_register_peripheral
                0x00203978       0x30 contiki-cc2538dk.a(lpm.o)
                0x00203978                lpm_register_peripheral
 .text.lpm_init
                0x002039a8       0x24 contiki-cc2538dk.a(lpm.o)
                0x002039a8                lpm_init
 .text.lpm_enter
                0x002039cc       0xc8 contiki-cc2538dk.a(lpm.o)
                0x002039cc                lpm_enter
 .text.lpm_exit
                0x00203a94       0x38 contiki-cc2538dk.a(lpm.o)
                0x00203a94                lpm_exit
 .text.putchar  0x00203acc       0x10 contiki-cc2538dk.a(dbg.o)
                0x00203acc                putchar
 .text.puts     0x00203adc       0x24 contiki-cc2538dk.a(dbg.o)
                0x00203adc                puts
 .text.dbg_send_bytes
                0x00203b00       0x24 contiki-cc2538dk.a(dbg.o)
                0x00203b00                dbg_send_bytes
 .text.ieee_addr_cpy_to
                0x00203b24       0x78 contiki-cc2538dk.a(ieee-addr.o)
                0x00203b24                ieee_addr_cpy_to
 .text.configure
                0x00203b9c        0x4 contiki-cc2538dk.a(cc2538-temp-sen)
 .text.status   0x00203ba0        0x4 contiki-cc2538dk.a(cc2538-temp-sen)
 .text.value    0x00203ba4       0x3c contiki-cc2538dk.a(cc2538-temp-sen)
 .text.configure
                0x00203be0        0x4 contiki-cc2538dk.a(vdd3-sensor.o)
 .text.status   0x00203be4        0x4 contiki-cc2538dk.a(vdd3-sensor.o)
 .text.value    0x00203be8       0x2c contiki-cc2538dk.a(vdd3-sensor.o)
 .text.printf   0x00203c14       0x20 contiki-cc2538dk.a(dbg-printf.o)
                0x00203c14                printf
 .text.write_str
                0x00203c34       0x10 contiki-cc2538dk.a(dbg-printf.o)
 .text.vsnprintf
                0x00203c44       0x28 contiki-cc2538dk.a(dbg-snprintf.o)
                0x00203c44                vsnprintf
 .text.buffer_str
                0x00203c6c       0x28 contiki-cc2538dk.a(dbg-snprintf.o)
 .text.snprintf
                0x00203c94       0x18 contiki-cc2538dk.a(dbg-snprintf.o)
                0x00203c94                snprintf
 .text.parse_uint
                0x00203cac       0x24 contiki-cc2538dk.a(strformat.o)
 .text.output_uint_hex
                0x00203cd0       0x48 contiki-cc2538dk.a(strformat.o)
 .text.fill_space
                0x00203d18       0x38 contiki-cc2538dk.a(strformat.o)
 .text.format_str_v
                0x00203d50      0x6c8 contiki-cc2538dk.a(strformat.o)
                0x00203d50                format_str_v
 .text.autostart_start
                0x00204418       0x18 contiki-cc2538dk.a(autostart.o)
                0x00204418                autostart_start
 .text.process_thread_ctimer_process
                0x00204430       0x8c contiki-cc2538dk.a(ctimer.o)
 .text.ctimer_stop
                0x002044bc       0x28 contiki-cc2538dk.a(ctimer.o)
                0x002044bc                ctimer_stop
 .text.ctimer_restart
                0x002044e4       0x34 contiki-cc2538dk.a(ctimer.o)
                0x002044e4                ctimer_restart
 .text.ctimer_set
                0x00204518       0x44 contiki-cc2538dk.a(ctimer.o)
                0x00204518                ctimer_set
 .text.ctimer_reset
                0x0020455c       0x34 contiki-cc2538dk.a(ctimer.o)
                0x0020455c                ctimer_reset
 .text.ctimer_init
                0x00204590       0x24 contiki-cc2538dk.a(ctimer.o)
                0x00204590                ctimer_init
 .text.energest_init
                0x002045b4        0x4 contiki-cc2538dk.a(energest.o)
                0x002045b4                energest_init
 .text.etimer_expired
                0x002045b8        0xc contiki-cc2538dk.a(etimer.o)
                0x002045b8                etimer_expired
 .text.etimer_expiration_time
                0x002045c4        0x8 contiki-cc2538dk.a(etimer.o)
                0x002045c4                etimer_expiration_time
 .text.etimer_pending
                0x002045cc       0x10 contiki-cc2538dk.a(etimer.o)
                0x002045cc                etimer_pending
 .text.update_time
                0x002045dc       0x44 contiki-cc2538dk.a(etimer.o)
 .text.etimer_stop
                0x00204620       0x34 contiki-cc2538dk.a(etimer.o)
                0x00204620                etimer_stop
 .text.etimer_request_poll
                0x00204654       0x10 contiki-cc2538dk.a(etimer.o)
                0x00204654                etimer_request_poll
 .text.process_thread_etimer_process
                0x00204664       0xa0 contiki-cc2538dk.a(etimer.o)
 .text.add_timer
                0x00204704       0x40 contiki-cc2538dk.a(etimer.o)
 .text.etimer_restart
                0x00204744       0x10 contiki-cc2538dk.a(etimer.o)
                0x00204744                etimer_restart
 .text.etimer_reset
                0x00204754       0x10 contiki-cc2538dk.a(etimer.o)
                0x00204754                etimer_reset
 .text.etimer_set
                0x00204764       0x10 contiki-cc2538dk.a(etimer.o)
                0x00204764                etimer_set
 .text.process_alloc_event
                0x00204774       0x10 contiki-cc2538dk.a(process.o)
                0x00204774                process_alloc_event
 .text.process_init
                0x00204784       0x30 contiki-cc2538dk.a(process.o)
                0x00204784                process_init
 .text.process_nevents
                0x002047b4       0x14 contiki-cc2538dk.a(process.o)
                0x002047b4                process_nevents
 .text.process_post
                0x002047c8       0x50 contiki-cc2538dk.a(process.o)
                0x002047c8                process_post
 .text.process_poll
                0x00204818       0x1c contiki-cc2538dk.a(process.o)
                0x00204818                process_poll
 .text.process_is_running
                0x00204834        0xc contiki-cc2538dk.a(process.o)
                0x00204834                process_is_running
 .text.exit_process
                0x00204840       0x8c contiki-cc2538dk.a(process.o)
 .text.call_process
                0x002048cc       0x40 contiki-cc2538dk.a(process.o)
 .text.process_post_synch
                0x0020490c       0x14 contiki-cc2538dk.a(process.o)
                0x0020490c                process_post_synch
 .text.process_start
                0x00204920       0x30 contiki-cc2538dk.a(process.o)
                0x00204920                process_start
 .text.do_poll  0x00204950       0x34 contiki-cc2538dk.a(process.o)
 .text.process_run
                0x00204984       0xb8 contiki-cc2538dk.a(process.o)
                0x00204984                process_run
 .text.rtimer_run_next
                0x00204a3c       0x24 contiki-cc2538dk.a(rtimer.o)
                0x00204a3c                rtimer_run_next
 .text.rtimer_set
                0x00204a60       0x24 contiki-cc2538dk.a(rtimer.o)
                0x00204a60                rtimer_set
 .text.rtimer_init
                0x00204a84        0x8 contiki-cc2538dk.a(rtimer.o)
                0x00204a84                rtimer_init
 .text.timer_reset
                0x00204a8c        0xc contiki-cc2538dk.a(timer.o)
                0x00204a8c                timer_reset
 .text.timer_expired
                0x00204a98       0x1c contiki-cc2538dk.a(timer.o)
                0x00204a98                timer_expired
 .text.timer_restart
                0x00204ab4        0xc contiki-cc2538dk.a(timer.o)
                0x00204ab4                timer_restart
 .text.timer_set
                0x00204ac0       0x10 contiki-cc2538dk.a(timer.o)
                0x00204ac0                timer_set
 .text.process_thread_serial_line_process
                0x00204ad0       0xa8 contiki-cc2538dk.a(serial-line.o)
 .text.serial_line_init
                0x00204b78       0x24 contiki-cc2538dk.a(serial-line.o)
                0x00204b78                serial_line_init
 .text.serial_line_input_byte
                0x00204b9c       0x44 contiki-cc2538dk.a(serial-line.o)
                0x00204b9c                serial_line_input_byte
 .text.list_init
                0x00204be0        0x8 contiki-cc2538dk.a(list.o)
                0x00204be0                list_init
 .text.list_head
                0x00204be8        0x4 contiki-cc2538dk.a(list.o)
                0x00204be8                list_head
 .text.list_tail
                0x00204bec       0x10 contiki-cc2538dk.a(list.o)
                0x00204bec                list_tail
 .text.list_remove
                0x00204bfc       0x28 contiki-cc2538dk.a(list.o)
                0x00204bfc                list_remove
 .text.list_push
                0x00204c24       0x14 contiki-cc2538dk.a(list.o)
                0x00204c24                list_push
 .text.list_add
                0x00204c38       0x20 contiki-cc2538dk.a(list.o)
                0x00204c38                list_add
 .text.list_length
                0x00204c58       0x10 contiki-cc2538dk.a(list.o)
                0x00204c58                list_length
 .text.list_item_next
                0x00204c68        0x8 contiki-cc2538dk.a(list.o)
                0x00204c68                list_item_next
 .text.random_rand
                0x00204c70       0x24 contiki-cc2538dk.a(random.o)
                0x00204c70                random_rand
 .text.random_init
                0x00204c94       0x90 contiki-cc2538dk.a(random.o)
                0x00204c94                random_init
 .text.ringbuf_init
                0x00204d24       0x10 contiki-cc2538dk.a(ringbuf.o)
                0x00204d24                ringbuf_init
 .text.ringbuf_put
                0x00204d34       0x2c contiki-cc2538dk.a(ringbuf.o)
                0x00204d34                ringbuf_put
 .text.ringbuf_get
                0x00204d60       0x28 contiki-cc2538dk.a(ringbuf.o)
                0x00204d60                ringbuf_get
 .text.addr_context_lookup_by_number
                0x00204d88       0x18 contiki-cc2538dk.a(sicslowpan.o)
 .text.sicslowpan_get_last_rssi
                0x00204da0        0xc contiki-cc2538dk.a(sicslowpan.o)
                0x00204da0                sicslowpan_get_last_rssi
 .text.compress_addr_64
                0x00204dac       0xa0 contiki-cc2538dk.a(sicslowpan.o)
 .text.uncompress_addr
                0x00204e4c       0x74 contiki-cc2538dk.a(sicslowpan.o)
 .text.set_packet_attrs
                0x00204ec0       0x44 contiki-cc2538dk.a(sicslowpan.o)
 .text.input    0x00204f04      0x620 contiki-cc2538dk.a(sicslowpan.o)
 .text.sicslowpan_init
                0x00205524       0x24 contiki-cc2538dk.a(sicslowpan.o)
                0x00205524                sicslowpan_init
 .text.addr_context_lookup_by_prefix
                0x00205548       0x24 contiki-cc2538dk.a(sicslowpan.o)
 .text.send_packet
                0x0020556c       0x24 contiki-cc2538dk.a(sicslowpan.o)
 .text.output   0x00205590      0x6d4 contiki-cc2538dk.a(sicslowpan.o)
 .text.packet_sent
                0x00205c64       0x28 contiki-cc2538dk.a(sicslowpan.o)
 .text.uip_add32
                0x00205c8c       0x60 contiki-cc2538dk.a(uip6.o)
                0x00205c8c                uip_add32
 .text.chksum   0x00205cec       0x38 contiki-cc2538dk.a(uip6.o)
 .text.uip_unlisten
                0x00205d24       0x3c contiki-cc2538dk.a(uip6.o)
                0x00205d24                uip_unlisten
 .text.uip_add_rcv_nxt
                0x00205d60       0x34 contiki-cc2538dk.a(uip6.o)
 .text.uip_htons
                0x00205d94        0xc contiki-cc2538dk.a(uip6.o)
                0x00205d94                uip_htons
 .text.uip_connect
                0x00205da0       0xfc contiki-cc2538dk.a(uip6.o)
                0x00205da0                uip_connect
 .text.upper_layer_chksum
                0x00205e9c       0x50 contiki-cc2538dk.a(uip6.o)
 .text.uip_udpchksum
                0x00205eec        0xc contiki-cc2538dk.a(uip6.o)
                0x00205eec                uip_udpchksum
 .text.uip_tcpchksum
                0x00205ef8        0xc contiki-cc2538dk.a(uip6.o)
                0x00205ef8                uip_tcpchksum
 .text.uip_icmp6chksum
                0x00205f04        0xc contiki-cc2538dk.a(uip6.o)
                0x00205f04                uip_icmp6chksum
 .text.uip_htonl
                0x00205f10       0x18 contiki-cc2538dk.a(uip6.o)
                0x00205f10                uip_htonl
 .text.uip_send
                0x00205f28       0x4c contiki-cc2538dk.a(uip6.o)
                0x00205f28                uip_send
 .text.ext_hdr_options_process
                0x00205f74       0xb8 contiki-cc2538dk.a(uip6.o)
 .text.remove_ext_hdr
                0x0020602c       0x58 contiki-cc2538dk.a(uip6.o)
                0x0020602c                remove_ext_hdr
 .text.uip_process
                0x00206084      0xe5c contiki-cc2538dk.a(uip6.o)
                0x00206084                uip_process
 .text.uip_init
                0x00206ee0       0x78 contiki-cc2538dk.a(uip6.o)
                0x00206ee0                uip_init
 .text.uip_ds6_get_link_local
                0x00206f58       0x44 contiki-cc2538dk.a(uip-ds6.o)
                0x00206f58                uip_ds6_get_link_local
 .text.uip_ds6_get_global
                0x00206f9c       0x44 contiki-cc2538dk.a(uip-ds6.o)
                0x00206f9c                uip_ds6_get_global
 .text.uip_ds6_maddr_rm
                0x00206fe0        0x8 contiki-cc2538dk.a(uip-ds6.o)
                0x00206fe0                uip_ds6_maddr_rm
 .text.get_match_length
                0x00206fe8       0x44 contiki-cc2538dk.a(uip-ds6.o)
                0x00206fe8                get_match_length
 .text.uip_ds6_select_src
                0x0020702c       0x98 contiki-cc2538dk.a(uip-ds6.o)
                0x0020702c                uip_ds6_select_src
 .text.uip_ds6_compute_reachable_time
                0x002070c4       0x28 contiki-cc2538dk.a(uip-ds6.o)
                0x002070c4                uip_ds6_compute_reachable_time
 .text.uip_ds6_set_addr_iid
                0x002070ec       0x18 contiki-cc2538dk.a(uip-ds6.o)
                0x002070ec                uip_ds6_set_addr_iid
 .text.uip_ds6_is_addr_onlink
                0x00207104       0x40 contiki-cc2538dk.a(uip-ds6.o)
                0x00207104                uip_ds6_is_addr_onlink
 .text.uip_ds6_list_loop
                0x00207144       0x48 contiki-cc2538dk.a(uip-ds6.o)
                0x00207144                uip_ds6_list_loop
 .text.uip_ds6_maddr_lookup
                0x0020718c       0x28 contiki-cc2538dk.a(uip-ds6.o)
                0x0020718c                uip_ds6_maddr_lookup
 .text.uip_ds6_addr_rm
                0x002071b4       0x48 contiki-cc2538dk.a(uip-ds6.o)
                0x002071b4                uip_ds6_addr_rm
 .text.uip_ds6_maddr_add
                0x002071fc       0x3c contiki-cc2538dk.a(uip-ds6.o)
                0x002071fc                uip_ds6_maddr_add
 .text.uip_ds6_addr_lookup
                0x00207238       0x28 contiki-cc2538dk.a(uip-ds6.o)
                0x00207238                uip_ds6_addr_lookup
 .text.uip_ds6_addr_add
                0x00207260       0x98 contiki-cc2538dk.a(uip-ds6.o)
                0x00207260                uip_ds6_addr_add
 .text.uip_ds6_prefix_add
                0x002072f8       0x60 contiki-cc2538dk.a(uip-ds6.o)
                0x002072f8                uip_ds6_prefix_add
 .text.uip_ds6_periodic
                0x00207358       0x54 contiki-cc2538dk.a(uip-ds6.o)
                0x00207358                uip_ds6_periodic
 .text.uip_ds6_init
                0x002073ac       0xdc contiki-cc2538dk.a(uip-ds6.o)
                0x002073ac                uip_ds6_init
 .text.uip_ds6_link_neighbor_callback
                0x00207488       0x28 contiki-cc2538dk.a(uip-ds6-nbr.o)
                0x00207488                uip_ds6_link_neighbor_callback
 .text.uip_ds6_nbr_ll_lookup
                0x002074b0       0x14 contiki-cc2538dk.a(uip-ds6-nbr.o)
                0x002074b0                uip_ds6_nbr_ll_lookup
 .text.uip_ds6_nbr_ipaddr_from_lladdr
                0x002074c4        0x8 contiki-cc2538dk.a(uip-ds6-nbr.o)
                0x002074c4                uip_ds6_nbr_ipaddr_from_lladdr
 .text.uip_ds6_nbr_lookup
                0x002074cc       0x38 contiki-cc2538dk.a(uip-ds6-nbr.o)
                0x002074cc                uip_ds6_nbr_lookup
 .text.uip_ds6_nbr_get_ll
                0x00207504       0x14 contiki-cc2538dk.a(uip-ds6-nbr.o)
                0x00207504                uip_ds6_nbr_get_ll
 .text.uip_ds6_nbr_lladdr_from_ipaddr
                0x00207518       0x10 contiki-cc2538dk.a(uip-ds6-nbr.o)
                0x00207518                uip_ds6_nbr_lladdr_from_ipaddr
 .text.uip_ds6_nbr_rm
                0x00207528       0x1c contiki-cc2538dk.a(uip-ds6-nbr.o)
                0x00207528                uip_ds6_nbr_rm
 .text.uip_ds6_neighbor_periodic
                0x00207544      0x110 contiki-cc2538dk.a(uip-ds6-nbr.o)
                0x00207544                uip_ds6_neighbor_periodic
 .text.uip_ds6_nbr_add
                0x00207654       0x50 contiki-cc2538dk.a(uip-ds6-nbr.o)
                0x00207654                uip_ds6_nbr_add
 .text.uip_ds6_neighbors_init
                0x002076a4       0x18 contiki-cc2538dk.a(uip-ds6-nbr.o)
                0x002076a4                uip_ds6_neighbors_init
 .text.uip_ds6_route_head
                0x002076bc       0x10 contiki-cc2538dk.a(uip-ds6-route.o)
                0x002076bc                uip_ds6_route_head
 .text.uip_ds6_route_next
                0x002076cc        0xc contiki-cc2538dk.a(uip-ds6-route.o)
                0x002076cc                uip_ds6_route_next
 .text.uip_ds6_defrt_choose
                0x002076d8       0x34 contiki-cc2538dk.a(uip-ds6-route.o)
                0x002076d8                uip_ds6_defrt_choose
 .text.uip_ds6_defrt_lookup
                0x0020770c       0x2c contiki-cc2538dk.a(uip-ds6-route.o)
                0x0020770c                uip_ds6_defrt_lookup
 .text.call_route_callback
                0x00207738       0x4c contiki-cc2538dk.a(uip-ds6-route.o)
 .text.uip_ds6_defrt_rm
                0x00207784       0x44 contiki-cc2538dk.a(uip-ds6-route.o)
                0x00207784                uip_ds6_defrt_rm
 .text.uip_ds6_defrt_periodic
                0x002077c8       0x34 contiki-cc2538dk.a(uip-ds6-route.o)
                0x002077c8                uip_ds6_defrt_periodic
 .text.uip_ds6_route_lookup
                0x002077fc       0x6c contiki-cc2538dk.a(uip-ds6-route.o)
                0x002077fc                uip_ds6_route_lookup
 .text.uip_ds6_defrt_add
                0x00207868       0x54 contiki-cc2538dk.a(uip-ds6-route.o)
                0x00207868                uip_ds6_defrt_add
 .text.uip_ds6_route_nexthop
                0x002078bc       0x1c contiki-cc2538dk.a(uip-ds6-route.o)
                0x002078bc                uip_ds6_route_nexthop
 .text.uip_ds6_route_rm
                0x002078d8       0x98 contiki-cc2538dk.a(uip-ds6-route.o)
                0x002078d8                uip_ds6_route_rm
 .text.rm_routelist
                0x00207970       0x2c contiki-cc2538dk.a(uip-ds6-route.o)
 .text.rm_routelist_callback
                0x0020799c        0x8 contiki-cc2538dk.a(uip-ds6-route.o)
 .text.uip_ds6_route_add
                0x002079a4       0xf4 contiki-cc2538dk.a(uip-ds6-route.o)
                0x002079a4                uip_ds6_route_add
 .text.uip_ds6_route_init
                0x00207a98       0x48 contiki-cc2538dk.a(uip-ds6-route.o)
                0x00207a98                uip_ds6_route_init
 .text.echo_reply_input
                0x00207ae0       0xe8 contiki-cc2538dk.a(uip-icmp6.o)
 .text.uip_icmp6_input
                0x00207bc8       0x3c contiki-cc2538dk.a(uip-icmp6.o)
                0x00207bc8                uip_icmp6_input
 .text.echo_request_input
                0x00207c04      0x108 contiki-cc2538dk.a(uip-icmp6.o)
 .text.uip_icmp6_echo_reply_callback_add
                0x00207d0c       0x18 contiki-cc2538dk.a(uip-icmp6.o)
                0x00207d0c                uip_icmp6_echo_reply_callback_add
 .text.uip_icmp6_register_input_handler
                0x00207d24       0x10 contiki-cc2538dk.a(uip-icmp6.o)
                0x00207d24                uip_icmp6_register_input_handler
 .text.uip_icmp6_init
                0x00207d34       0x18 contiki-cc2538dk.a(uip-icmp6.o)
                0x00207d34                uip_icmp6_init
 .text.uip_icmp6_send
                0x00207d4c       0x80 contiki-cc2538dk.a(uip-icmp6.o)
                0x00207d4c                uip_icmp6_send
 .text.uip_icmp6_error_output
                0x00207dcc      0x148 contiki-cc2538dk.a(uip-icmp6.o)
                0x00207dcc                uip_icmp6_error_output
 .text.uip_nd6_init
                0x00207f14       0x18 contiki-cc2538dk.a(uip-nd6.o)
                0x00207f14                uip_nd6_init
 .text.na_input
                0x00207f2c      0x1cc contiki-cc2538dk.a(uip-nd6.o)
 .text.create_llao
                0x002080f8       0x28 contiki-cc2538dk.a(uip-nd6.o)
 .text.ns_input
                0x00208120      0x228 contiki-cc2538dk.a(uip-nd6.o)
 .text.uip_nd6_ns_output
                0x00208348      0x12c contiki-cc2538dk.a(uip-nd6.o)
                0x00208348                uip_nd6_ns_output
 .text.tcpip_output
                0x00208474       0x14 contiki-cc2538dk.a(tcpip.o)
                0x00208474                tcpip_output
 .text.tcpip_set_outputfunc
                0x00208488        0xc contiki-cc2538dk.a(tcpip.o)
                0x00208488                tcpip_set_outputfunc
 .text.tcp_attach
                0x00208494       0x10 contiki-cc2538dk.a(tcpip.o)
                0x00208494                tcp_attach
 .text.tcp_unlisten
                0x002084a4       0x50 contiki-cc2538dk.a(tcpip.o)
                0x002084a4                tcp_unlisten
 .text.start_periodic_tcp_timer
                0x002084f4       0x18 contiki-cc2538dk.a(tcpip.o)
 .text.tcpip_uipcall
                0x0020850c       0x84 contiki-cc2538dk.a(tcpip.o)
                0x0020850c                tcpip_uipcall
 .text.tcpip_input
                0x00208590       0x24 contiki-cc2538dk.a(tcpip.o)
                0x00208590                tcpip_input
 .text.tcpip_icmp6_call
                0x002085b4       0x24 contiki-cc2538dk.a(tcpip.o)
                0x002085b4                tcpip_icmp6_call
 .text.tcpip_poll_tcp
                0x002085d8       0x14 contiki-cc2538dk.a(tcpip.o)
                0x002085d8                tcpip_poll_tcp
 .text.tcpip_ipv6_output
                0x002085ec      0x138 contiki-cc2538dk.a(tcpip.o)
                0x002085ec                tcpip_ipv6_output
 .text.process_thread_tcpip_process
                0x00208724      0x1f8 contiki-cc2538dk.a(tcpip.o)
 .text.tcp_connect
                0x0020891c       0x20 contiki-cc2538dk.a(tcpip.o)
                0x0020891c                tcp_connect
 .text.call_event
                0x0020893c       0x10 contiki-cc2538dk.a(tcp-socket.o)
 .text.relisten
                0x0020894c       0x14 contiki-cc2538dk.a(tcp-socket.o)
 .text.tcp_socket_close
                0x00208960       0x18 contiki-cc2538dk.a(tcp-socket.o)
                0x00208960                tcp_socket_close
 .text.tcp_socket_send
                0x00208978       0x38 contiki-cc2538dk.a(tcp-socket.o)
                0x00208978                tcp_socket_send
 .text.newdata  0x002089b0       0x58 contiki-cc2538dk.a(tcp-socket.o)
 .text.senddata
                0x00208a08       0x28 contiki-cc2538dk.a(tcp-socket.o)
 .text.process_thread_tcp_socket_process
                0x00208a30      0x208 contiki-cc2538dk.a(tcp-socket.o)
 .text.tcp_socket_unlisten
                0x00208c38       0x3c contiki-cc2538dk.a(tcp-socket.o)
                0x00208c38                tcp_socket_unlisten
 .text.tcp_socket_unregister
                0x00208c74       0x28 contiki-cc2538dk.a(tcp-socket.o)
                0x00208c74                tcp_socket_unregister
 .text.tcp_socket_connect
                0x00208c9c       0x4c contiki-cc2538dk.a(tcp-socket.o)
                0x00208c9c                tcp_socket_connect
 .text.tcp_socket_register
                0x00208ce8       0x6c contiki-cc2538dk.a(tcp-socket.o)
                0x00208ce8                tcp_socket_register
 .text.uip_debug_ipaddr_print
                0x00208d54       0x64 contiki-cc2538dk.a(uip-debug.o)
                0x00208d54                uip_debug_ipaddr_print
 .text.uiplib_ip6addrconv
                0x00208db8       0xd4 contiki-cc2538dk.a(uiplib.o)
                0x00208db8                uiplib_ip6addrconv
 .text.linkaddr_cmp
                0x00208e8c       0x14 contiki-cc2538dk.a(linkaddr.o)
                0x00208e8c                linkaddr_cmp
 .text.linkaddr_copy
                0x00208ea0        0xc contiki-cc2538dk.a(linkaddr.o)
                0x00208ea0                linkaddr_copy
 .text.item_from_index
                0x00208eac       0x18 contiki-cc2538dk.a(nbr-table.o)
 .text.index_from_key
                0x00208ec4       0x20 contiki-cc2538dk.a(nbr-table.o)
 .text.index_from_item
                0x00208ee4       0x18 contiki-cc2538dk.a(nbr-table.o)
 .text.item_from_key
                0x00208efc       0x14 contiki-cc2538dk.a(nbr-table.o)
 .text.key_from_item
                0x00208f10       0x20 contiki-cc2538dk.a(nbr-table.o)
 .text.nbr_get_bit
                0x00208f30       0x28 contiki-cc2538dk.a(nbr-table.o)
 .text.nbr_set_bit
                0x00208f58       0x40 contiki-cc2538dk.a(nbr-table.o)
 .text.nbr_table_register
                0x00208f98       0x28 contiki-cc2538dk.a(nbr-table.o)
                0x00208f98                nbr_table_register
 .text.nbr_table_remove
                0x00208fc0       0x2c contiki-cc2538dk.a(nbr-table.o)
                0x00208fc0                nbr_table_remove
 .text.nbr_table_lock
                0x00208fec       0x18 contiki-cc2538dk.a(nbr-table.o)
                0x00208fec                nbr_table_lock
 .text.nbr_table_unlock
                0x00209004       0x18 contiki-cc2538dk.a(nbr-table.o)
                0x00209004                nbr_table_unlock
 .text.nbr_table_get_lladdr
                0x0020901c       0x10 contiki-cc2538dk.a(nbr-table.o)
                0x0020901c                nbr_table_get_lladdr
 .text.index_from_lladdr
                0x0020902c       0x40 contiki-cc2538dk.a(nbr-table.o)
 .text.nbr_table_get_from_lladdr
                0x0020906c       0x2c contiki-cc2538dk.a(nbr-table.o)
                0x0020906c                nbr_table_get_from_lladdr
 .text.nbr_table_next
                0x00209098       0x34 contiki-cc2538dk.a(nbr-table.o)
                0x00209098                nbr_table_next
 .text.nbr_table_head
                0x002090cc       0x38 contiki-cc2538dk.a(nbr-table.o)
                0x002090cc                nbr_table_head
 .text.nbr_table_add_lladdr
                0x00209104      0x11c contiki-cc2538dk.a(nbr-table.o)
                0x00209104                nbr_table_add_lladdr
 .text.netstack_init
                0x00209220       0x2c contiki-cc2538dk.a(netstack.o)
                0x00209220                netstack_init
 .text.packetbuf_compact
                0x0020924c       0x44 contiki-cc2538dk.a(packetbuf.o)
                0x0020924c                packetbuf_compact
 .text.packetbuf_hdrreduce
                0x00209290       0x2c contiki-cc2538dk.a(packetbuf.o)
                0x00209290                packetbuf_hdrreduce
 .text.packetbuf_set_datalen
                0x002092bc        0xc contiki-cc2538dk.a(packetbuf.o)
                0x002092bc                packetbuf_set_datalen
 .text.packetbuf_dataptr
                0x002092c8       0x18 contiki-cc2538dk.a(packetbuf.o)
                0x002092c8                packetbuf_dataptr
 .text.packetbuf_hdrptr
                0x002092e0       0x14 contiki-cc2538dk.a(packetbuf.o)
                0x002092e0                packetbuf_hdrptr
 .text.packetbuf_datalen
                0x002092f4        0xc contiki-cc2538dk.a(packetbuf.o)
                0x002092f4                packetbuf_datalen
 .text.packetbuf_hdrlen
                0x00209300       0x1c contiki-cc2538dk.a(packetbuf.o)
                0x00209300                packetbuf_hdrlen
 .text.packetbuf_totlen
                0x0020931c       0x14 contiki-cc2538dk.a(packetbuf.o)
                0x0020931c                packetbuf_totlen
 .text.packetbuf_hdralloc
                0x00209330       0x28 contiki-cc2538dk.a(packetbuf.o)
                0x00209330                packetbuf_hdralloc
 .text.packetbuf_set_attr
                0x00209358       0x10 contiki-cc2538dk.a(packetbuf.o)
                0x00209358                packetbuf_set_attr
 .text.packetbuf_attr
                0x00209368        0xc contiki-cc2538dk.a(packetbuf.o)
                0x00209368                packetbuf_attr
 .text.packetbuf_addr
                0x00209374       0x10 contiki-cc2538dk.a(packetbuf.o)
                0x00209374                packetbuf_addr
 .text.packetbuf_holds_broadcast
                0x00209384       0x14 contiki-cc2538dk.a(packetbuf.o)
                0x00209384                packetbuf_holds_broadcast
 .text.packetbuf_set_addr
                0x00209398       0x18 contiki-cc2538dk.a(packetbuf.o)
                0x00209398                packetbuf_set_addr
 .text.packetbuf_attr_clear
                0x002093b0       0x34 contiki-cc2538dk.a(packetbuf.o)
                0x002093b0                packetbuf_attr_clear
 .text.packetbuf_clear
                0x002093e4       0x38 contiki-cc2538dk.a(packetbuf.o)
                0x002093e4                packetbuf_clear
 .text.packetbuf_attr_copyfrom
                0x0020941c       0x24 contiki-cc2538dk.a(packetbuf.o)
                0x0020941c                packetbuf_attr_copyfrom
 .text.packetbuf_attr_copyto
                0x00209440       0x20 contiki-cc2538dk.a(packetbuf.o)
                0x00209440                packetbuf_attr_copyto
 .text.packetbuf_copyto
                0x00209460       0x5c contiki-cc2538dk.a(packetbuf.o)
                0x00209460                packetbuf_copyto
 .text.packetbuf_copyfrom
                0x002094bc       0x2c contiki-cc2538dk.a(packetbuf.o)
                0x002094bc                packetbuf_copyfrom
 .text.queuebuf_attr
                0x002094e8        0xc contiki-cc2538dk.a(queuebuf.o)
                0x002094e8                queuebuf_attr
 .text.queuebuf_to_packetbuf
                0x002094f4       0x2c contiki-cc2538dk.a(queuebuf.o)
                0x002094f4                queuebuf_to_packetbuf
 .text.queuebuf_free
                0x00209520       0x28 contiki-cc2538dk.a(queuebuf.o)
                0x00209520                queuebuf_free
 .text.queuebuf_update_attr_from_packetbuf
                0x00209548       0x10 contiki-cc2538dk.a(queuebuf.o)
                0x00209548                queuebuf_update_attr_from_packetbuf
 .text.queuebuf_update_from_packetbuf
                0x00209558       0x1c contiki-cc2538dk.a(queuebuf.o)
                0x00209558                queuebuf_update_from_packetbuf
 .text.queuebuf_new_from_packetbuf
                0x00209574       0x44 contiki-cc2538dk.a(queuebuf.o)
                0x00209574                queuebuf_new_from_packetbuf
 .text.queuebuf_numfree
                0x002095b8       0x10 contiki-cc2538dk.a(queuebuf.o)
                0x002095b8                queuebuf_numfree
 .text.queuebuf_init
                0x002095c8       0x18 contiki-cc2538dk.a(queuebuf.o)
                0x002095c8                queuebuf_init
 .text.on       0x002095e0       0x28 contiki-cc2538dk.a(contikimac.o)
 .text.off      0x00209608       0x30 contiki-cc2538dk.a(contikimac.o)
 .text.powercycle_turn_radio_off
                0x00209638       0x1c contiki-cc2538dk.a(contikimac.o)
 .text.recv_burst_off
                0x00209654       0x14 contiki-cc2538dk.a(contikimac.o)
 .text.turn_off
                0x00209668       0x34 contiki-cc2538dk.a(contikimac.o)
 .text.duty_cycle
                0x0020969c        0x4 contiki-cc2538dk.a(contikimac.o)
 .text.turn_on  0x002096a0       0x3c contiki-cc2538dk.a(contikimac.o)
 .text.schedule_powercycle_fixed
                0x002096dc       0x38 contiki-cc2538dk.a(contikimac.o)
 .text.powercycle
                0x00209714      0x1f8 contiki-cc2538dk.a(contikimac.o)
 .text.init     0x0020990c       0x3c contiki-cc2538dk.a(contikimac.o)
 .text.input_packet
                0x00209948       0x98 contiki-cc2538dk.a(contikimac.o)
 .text.send_packet
                0x002099e0      0x1d4 contiki-cc2538dk.a(contikimac.o)
 .text.qsend_list
                0x00209bb4       0xc8 contiki-cc2538dk.a(contikimac.o)
 .text.qsend_packet
                0x00209c7c       0x20 contiki-cc2538dk.a(contikimac.o)
 .text.default_timebase
                0x00209c9c       0x14 contiki-cc2538dk.a(csma.o)
 .text.input_packet
                0x00209cb0       0x10 contiki-cc2538dk.a(csma.o)
 .text.on       0x00209cc0       0x10 contiki-cc2538dk.a(csma.o)
 .text.off      0x00209cd0       0x10 contiki-cc2538dk.a(csma.o)
 .text.channel_check_interval
                0x00209ce0       0x10 contiki-cc2538dk.a(csma.o)
 .text.transmit_packet_list
                0x00209cf0       0x24 contiki-cc2538dk.a(csma.o)
 .text.send_packet
                0x00209d14      0x154 contiki-cc2538dk.a(csma.o)
 .text.free_packet
                0x00209e68       0x7c contiki-cc2538dk.a(csma.o)
 .text.packet_sent
                0x00209ee4       0xdc contiki-cc2538dk.a(csma.o)
 .text.init     0x00209fc0       0x24 contiki-cc2538dk.a(csma.o)
 .text.parse    0x00209fe4       0x90 contiki-cc2538dk.a(framer-802154.o)
 .text.create_frame
                0x0020a074      0x118 contiki-cc2538dk.a(framer-802154.o)
 .text.create   0x0020a18c        0xc contiki-cc2538dk.a(framer-802154.o)
 .text.hdr_length
                0x0020a198        0xc contiki-cc2538dk.a(framer-802154.o)
 .text.framer_canonical_create_and_secure
                0x0020a1a4       0x2c contiki-cc2538dk.a(framer.o)
                0x0020a1a4                framer_canonical_create_and_secure
 .text.mac_call_sent_callback
                0x0020a1d0       0x10 contiki-cc2538dk.a(mac.o)
                0x0020a1d0                mac_call_sent_callback
 .text.mac_sequence_is_duplicate
                0x0020a1e0       0x38 contiki-cc2538dk.a(mac-sequence.o)
                0x0020a1e0                mac_sequence_is_duplicate
 .text.mac_sequence_register_seqno
                0x0020a218       0x64 contiki-cc2538dk.a(mac-sequence.o)
                0x0020a218                mac_sequence_register_seqno
 .text.bootstrap
                0x0020a27c        0x8 contiki-cc2538dk.a(nullsec.o)
 .text.on_frame_created
                0x0020a284        0x4 contiki-cc2538dk.a(nullsec.o)
 .text.input    0x0020a288       0x10 contiki-cc2538dk.a(nullsec.o)
 .text.get_overhead
                0x0020a298        0x4 contiki-cc2538dk.a(nullsec.o)
 .text.send     0x0020a29c       0x20 contiki-cc2538dk.a(nullsec.o)
 .text.netstack_aes_set_key
                0x0020a2bc       0x1c contiki-cc2538dk.a(netstack-aes.o)
                0x0020a2bc                netstack_aes_set_key
 .text.rpl_get_mode
                0x0020a2d8        0xc contiki-cc2538dk.a(rpl.o)
                0x0020a2d8                rpl_get_mode
 .text.rpl_init
                0x0020a2e4       0x54 contiki-cc2538dk.a(rpl.o)
                0x0020a2e4                rpl_init
 .text.rpl_ipv6_neighbor_callback
                0x0020a338       0x3c contiki-cc2538dk.a(rpl.o)
                0x0020a338                rpl_ipv6_neighbor_callback
 .text.rpl_link_neighbor_callback
                0x0020a374       0x80 contiki-cc2538dk.a(rpl.o)
                0x0020a374                rpl_link_neighbor_callback
 .text.rpl_add_route
                0x0020a3f4       0x2c contiki-cc2538dk.a(rpl.o)
                0x0020a3f4                rpl_add_route
 .text.rpl_remove_routes_by_nexthop
                0x0020a420       0x38 contiki-cc2538dk.a(rpl.o)
                0x0020a420                rpl_remove_routes_by_nexthop
 .text.rpl_remove_routes
                0x0020a458       0x20 contiki-cc2538dk.a(rpl.o)
                0x0020a458                rpl_remove_routes
 .text.rpl_purge_routes
                0x0020a478       0x68 contiki-cc2538dk.a(rpl.o)
                0x0020a478                rpl_purge_routes
 .text.lollipop_greater_than
                0x0020a4e0       0x3c contiki-cc2538dk.a(rpl-dag.o)
 .text.acceptable_rank
                0x0020a51c       0x34 contiki-cc2538dk.a(rpl-dag.o)
 .text.rpl_get_any_dag
                0x0020a550       0x18 contiki-cc2538dk.a(rpl-dag.o)
                0x0020a550                rpl_get_any_dag
 .text.rpl_get_instance
                0x0020a568       0x1c contiki-cc2538dk.a(rpl-dag.o)
                0x0020a568                rpl_get_instance
 .text.rpl_find_of
                0x0020a584       0x14 contiki-cc2538dk.a(rpl-dag.o)
                0x0020a584                rpl_find_of
 .text.rpl_lock_parent
                0x0020a598       0x14 contiki-cc2538dk.a(rpl-dag.o)
                0x0020a598                rpl_lock_parent
 .text.rpl_repair_root
                0x0020a5ac       0x4c contiki-cc2538dk.a(rpl-dag.o)
                0x0020a5ac                rpl_repair_root
 .text.find_parent_any_dag_any_instance
                0x0020a5f8       0x1c contiki-cc2538dk.a(rpl-dag.o)
 .text.find_parent_dag
                0x0020a614       0x10 contiki-cc2538dk.a(rpl-dag.o)
 .text.rpl_find_parent_any_dag
                0x0020a624       0x20 contiki-cc2538dk.a(rpl-dag.o)
                0x0020a624                rpl_find_parent_any_dag
 .text.rpl_find_parent
                0x0020a644       0x1c contiki-cc2538dk.a(rpl-dag.o)
                0x0020a644                rpl_find_parent
 .text.rpl_get_parent
                0x0020a660       0x14 contiki-cc2538dk.a(rpl-dag.o)
                0x0020a660                rpl_get_parent
 .text.rpl_set_preferred_parent
                0x0020a674       0x28 contiki-cc2538dk.a(rpl-dag.o)
 .text.rpl_select_parent
                0x0020a69c       0x70 contiki-cc2538dk.a(rpl-dag.o)
                0x0020a69c                rpl_select_parent
 .text.set_ip_from_prefix
                0x0020a70c       0x2c contiki-cc2538dk.a(rpl-dag.o)
 .text.check_prefix
                0x0020a738       0x58 contiki-cc2538dk.a(rpl-dag.o)
 .text.rpl_set_prefix
                0x0020a790       0x70 contiki-cc2538dk.a(rpl-dag.o)
                0x0020a790                rpl_set_prefix
 .text.rpl_set_default_route
                0x0020a800       0x48 contiki-cc2538dk.a(rpl-dag.o)
                0x0020a800                rpl_set_default_route
 .text.rpl_nullify_parent
                0x0020a848       0x44 contiki-cc2538dk.a(rpl-dag.o)
                0x0020a848                rpl_nullify_parent
 .text.rpl_local_repair
                0x0020a88c       0x60 contiki-cc2538dk.a(rpl-dag.o)
                0x0020a88c                rpl_local_repair
 .text.rpl_remove_parent
                0x0020a8ec       0x18 contiki-cc2538dk.a(rpl-dag.o)
                0x0020a8ec                rpl_remove_parent
 .text.remove_parents
                0x0020a904       0x38 contiki-cc2538dk.a(rpl-dag.o)
 .text.nbr_callback
                0x0020a93c        0x8 contiki-cc2538dk.a(rpl-dag.o)
 .text.rpl_alloc_instance
                0x0020a944       0x48 contiki-cc2538dk.a(rpl-dag.o)
                0x0020a944                rpl_alloc_instance
 .text.rpl_alloc_dag
                0x0020a98c       0x48 contiki-cc2538dk.a(rpl-dag.o)
                0x0020a98c                rpl_alloc_dag
 .text.rpl_get_nbr
                0x0020a9d4       0x24 contiki-cc2538dk.a(rpl-dag.o)
                0x0020a9d4                rpl_get_nbr
 .text.rpl_add_parent
                0x0020a9f8       0x44 contiki-cc2538dk.a(rpl-dag.o)
                0x0020a9f8                rpl_add_parent
 .text.rpl_join_instance
                0x0020aa3c      0x114 contiki-cc2538dk.a(rpl-dag.o)
                0x0020aa3c                rpl_join_instance
 .text.rpl_get_parent_ipaddr
                0x0020ab50       0x18 contiki-cc2538dk.a(rpl-dag.o)
                0x0020ab50                rpl_get_parent_ipaddr
 .text.rpl_move_parent
                0x0020ab68       0x48 contiki-cc2538dk.a(rpl-dag.o)
                0x0020ab68                rpl_move_parent
 .text.rpl_select_dag
                0x0020abb0      0x144 contiki-cc2538dk.a(rpl-dag.o)
                0x0020abb0                rpl_select_dag
 .text.rpl_process_parent_event
                0x0020acf4       0x3c contiki-cc2538dk.a(rpl-dag.o)
                0x0020acf4                rpl_process_parent_event
 .text.rpl_recalculate_ranks
                0x0020ad30       0x40 contiki-cc2538dk.a(rpl-dag.o)
                0x0020ad30                rpl_recalculate_ranks
 .text.rpl_add_dag
                0x0020ad70      0x110 contiki-cc2538dk.a(rpl-dag.o)
                0x0020ad70                rpl_add_dag
 .text.rpl_process_dio
                0x0020ae80      0x28c contiki-cc2538dk.a(rpl-dag.o)
                0x0020ae80                rpl_process_dio
 .text.rpl_dag_init
                0x0020b10c       0x18 contiki-cc2538dk.a(rpl-dag.o)
                0x0020b10c                rpl_dag_init
 .text.get32    0x0020b124       0x1c contiki-cc2538dk.a(rpl-icmp6.o)
 .text.set32    0x0020b140       0x18 contiki-cc2538dk.a(rpl-icmp6.o)
 .text.get16    0x0020b158        0xc contiki-cc2538dk.a(rpl-icmp6.o)
 .text.set16    0x0020b164        0xc contiki-cc2538dk.a(rpl-icmp6.o)
 .text.dao_ack_input
                0x0020b170       0x10 contiki-cc2538dk.a(rpl-icmp6.o)
 .text.rpl_icmp6_register_handlers
                0x0020b180       0x2c contiki-cc2538dk.a(rpl-icmp6.o)
                0x0020b180                rpl_icmp6_register_handlers
 .text.dao_ack_output
                0x0020b1ac       0x30 contiki-cc2538dk.a(rpl-icmp6.o)
                0x0020b1ac                dao_ack_output
 .text.dio_output
                0x0020b1dc      0x210 contiki-cc2538dk.a(rpl-icmp6.o)
                0x0020b1dc                dio_output
 .text.dis_output
                0x0020b3ec       0x58 contiki-cc2538dk.a(rpl-icmp6.o)
                0x0020b3ec                dis_output
 .text.dao_input
                0x0020b444      0x244 contiki-cc2538dk.a(rpl-icmp6.o)
 .text.dio_input
                0x0020b688      0x24c contiki-cc2538dk.a(rpl-icmp6.o)
 .text.dis_input
                0x0020b8d4       0x4c contiki-cc2538dk.a(rpl-icmp6.o)
 .text.dao_output_target
                0x0020b920       0xc4 contiki-cc2538dk.a(rpl-icmp6.o)
                0x0020b920                dao_output_target
 .text.dao_output
                0x0020b9e4       0x50 contiki-cc2538dk.a(rpl-icmp6.o)
                0x0020b9e4                dao_output
 .text.rpl_schedule_probing
                0x0020ba34       0x2c contiki-cc2538dk.a(rpl-timers.o)
                0x0020ba34                rpl_schedule_probing
 .text.new_dio_interval
                0x0020ba60       0x58 contiki-cc2538dk.a(rpl-timers.o)
 .text.rpl_reset_dio_timer
                0x0020bab8       0x20 contiki-cc2538dk.a(rpl-timers.o)
                0x0020bab8                rpl_reset_dio_timer
 .text.rpl_reset_periodic_timer
                0x0020bad8       0x34 contiki-cc2538dk.a(rpl-timers.o)
                0x0020bad8                rpl_reset_periodic_timer
 .text.handle_probing_timer
                0x0020bb0c       0xe4 contiki-cc2538dk.a(rpl-timers.o)
 .text.set_dao_lifetime_timer
                0x0020bbf0       0x38 contiki-cc2538dk.a(rpl-timers.o)
 .text.schedule_dao
                0x0020bc28       0x50 contiki-cc2538dk.a(rpl-timers.o)
 .text.rpl_schedule_dao
                0x0020bc78        0xc contiki-cc2538dk.a(rpl-timers.o)
                0x0020bc78                rpl_schedule_dao
 .text.handle_dio_timer
                0x0020bc84       0x7c contiki-cc2538dk.a(rpl-timers.o)
 .text.handle_dao_timer
                0x0020bd00       0x54 contiki-cc2538dk.a(rpl-timers.o)
 .text.handle_periodic_timer
                0x0020bd54       0x34 contiki-cc2538dk.a(rpl-timers.o)
 .text.reset    0x0020bd88        0x4 contiki-cc2538dk.a(rpl-mrhof.o)
 .text.best_dag
                0x0020bd8c       0x24 contiki-cc2538dk.a(rpl-mrhof.o)
 .text.update_metric_container
                0x0020bdb0        0x8 contiki-cc2538dk.a(rpl-mrhof.o)
 .text.calculate_rank
                0x0020bdb8       0x34 contiki-cc2538dk.a(rpl-mrhof.o)
 .text.calculate_path_metric
                0x0020bdec       0x1c contiki-cc2538dk.a(rpl-mrhof.o)
 .text.best_parent
                0x0020be08       0x40 contiki-cc2538dk.a(rpl-mrhof.o)
 .text.neighbor_link_callback
                0x0020be48       0x50 contiki-cc2538dk.a(rpl-mrhof.o)
 .text.rpl_invert_header
                0x0020be98       0x78 contiki-cc2538dk.a(rpl-ext-header.)
                0x0020be98                rpl_invert_header
 .text.rpl_update_header_final
                0x0020bf10       0x90 contiki-cc2538dk.a(rpl-ext-header.)
                0x0020bf10                rpl_update_header_final
 .text.rpl_update_header_empty
                0x0020bfa0      0x16c contiki-cc2538dk.a(rpl-ext-header.)
                0x0020bfa0                rpl_update_header_empty
 .text.rpl_insert_header
                0x0020c10c       0x20 contiki-cc2538dk.a(rpl-ext-header.)
                0x0020c10c                rpl_insert_header
 .text.rpl_verify_header
                0x0020c12c       0xa8 contiki-cc2538dk.a(rpl-ext-header.)
                0x0020c12c                rpl_verify_header
 .text.gpio_set
                0x0020c1d4        0x8 contiki-cc2538dk.a(oled-arch.o)
 .text.gpio_reset
                0x0020c1dc        0x8 contiki-cc2538dk.a(oled-arch.o)
 .text.OLED_WrCmd
                0x0020c1e4       0x68 contiki-cc2538dk.a(oled-arch.o)
                0x0020c1e4                OLED_WrCmd
 .text.OLED_Display_Off
                0x0020c24c       0x18 contiki-cc2538dk.a(oled-arch.o)
                0x0020c24c                OLED_Display_Off
 .text.OLED_Init
                0x0020c264       0xe8 contiki-cc2538dk.a(oled-arch.o)
                0x0020c264                OLED_Init
 .text.gpio_set1
                0x0020c34c        0x8 contiki-cc2538dk.a(oled.o)
 .text.gpio_reset1
                0x0020c354        0x8 contiki-cc2538dk.a(oled.o)
 .text.OLED_WrDat1
                0x0020c35c       0x64 contiki-cc2538dk.a(oled.o)
                0x0020c35c                OLED_WrDat1
 .text.OLED_WrCmd1
                0x0020c3c0       0x64 contiki-cc2538dk.a(oled.o)
                0x0020c3c0                OLED_WrCmd1
 .text.OLED_Fill1
                0x0020c424       0x34 contiki-cc2538dk.a(oled.o)
                0x0020c424                OLED_Fill1
 .text.OLED_Display_Off1
                0x0020c458       0x18 contiki-cc2538dk.a(oled.o)
                0x0020c458                OLED_Display_Off1
 .text.OLED_Init1
                0x0020c470       0xe0 contiki-cc2538dk.a(oled.o)
                0x0020c470                OLED_Init1
 .text.stimer_expired
                0x0020c550       0x20 contiki-cc2538dk.a(stimer.o)
                0x0020c550                stimer_expired
 .text.stimer_set
                0x0020c570       0x10 contiki-cc2538dk.a(stimer.o)
                0x0020c570                stimer_set
 .text.memb_alloc
                0x0020c580       0x2c contiki-cc2538dk.a(memb.o)
                0x0020c580                memb_alloc
 .text.memb_free
                0x0020c5ac       0x30 contiki-cc2538dk.a(memb.o)
                0x0020c5ac                memb_free
 .text.memb_inmemb
                0x0020c5dc       0x20 contiki-cc2538dk.a(memb.o)
                0x0020c5dc                memb_inmemb
 .text.memb_numfree
                0x0020c5fc       0x1c contiki-cc2538dk.a(memb.o)
                0x0020c5fc                memb_numfree
 .text.memb_init
                0x0020c618       0x20 contiki-cc2538dk.a(memb.o)
                0x0020c618                memb_init
 .text.addr_len
                0x0020c638       0x10 contiki-cc2538dk.a(frame802154.o)
 .text.frame802154_parse
                0x0020c648      0x128 contiki-cc2538dk.a(frame802154.o)
                0x0020c648                frame802154_parse
 .text.field_len
                0x0020c770       0x68 contiki-cc2538dk.a(frame802154.o)
 .text.frame802154_create
                0x0020c7d8       0xdc contiki-cc2538dk.a(frame802154.o)
                0x0020c7d8                frame802154_create
 .text.frame802154_hdrlen
                0x0020c8b4       0x2c contiki-cc2538dk.a(frame802154.o)
                0x0020c8b4                frame802154_hdrlen
 .text          0x0020c8e0       0x2c /home/user/CodeSourcery/Sourcery_G++_Lite/bin/../lib/gcc/arm-none-eabi/4.3.2/thumb2/libgcc.a(_aeabi_uldivmod.o)
                0x0020c8e0                __aeabi_uldivmod
 .text          0x0020c90c       0x60 /home/user/CodeSourcery/Sourcery_G++_Lite/bin/../lib/gcc/arm-none-eabi/4.3.2/thumb2/libgcc.a(bpabi.o)
                0x0020c90c                __gnu_uldivmod_helper
                0x0020c93c                __gnu_ldivmod_helper
 .text          0x0020c96c        0x4 /home/user/CodeSourcery/Sourcery_G++_Lite/bin/../lib/gcc/arm-none-eabi/4.3.2/thumb2/libgcc.a(_dvmd_tls.o)
                0x0020c96c                __aeabi_ldiv0
                0x0020c96c                __aeabi_idiv0
 .text          0x0020c970      0x424 /home/user/CodeSourcery/Sourcery_G++_Lite/bin/../lib/gcc/arm-none-eabi/4.3.2/thumb2/libgcc.a(_divdi3.o)
                0x0020c970                __divdi3
 .text          0x0020cd94      0x3e4 /home/user/CodeSourcery/Sourcery_G++_Lite/bin/../lib/gcc/arm-none-eabi/4.3.2/thumb2/libgcc.a(_udivdi3.o)
                0x0020cd94                __udivdi3
 .text          0x0020d178       0x8c /home/user/CodeSourcery/Sourcery_G++_Lite/bin/../lib/gcc/arm-none-eabi/4.3.2/thumb2/libgcc.a(_udivsi3.o)
                0x0020d178                __udivsi3
                0x0020d178                __aeabi_uidiv
                0x0020d1f0                __aeabi_uidivmod
 .text          0x0020d204       0x60 /home/user/CodeSourcery/Sourcery_G++_Lite/bin/../lib/gcc/arm-none-eabi/4.3.2/../../../../arm-none-eabi/lib/thumb2/libc.a(lib_a-memcmp.o)
                0x0020d204                memcmp
 .text          0x0020d264       0x98 /home/user/CodeSourcery/Sourcery_G++_Lite/bin/../lib/gcc/arm-none-eabi/4.3.2/../../../../arm-none-eabi/lib/thumb2/libc.a(lib_a-memcpy.o)
                0x0020d264                memcpy
 .text          0x0020d2fc       0xc0 /home/user/CodeSourcery/Sourcery_G++_Lite/bin/../lib/gcc/arm-none-eabi/4.3.2/../../../../arm-none-eabi/lib/thumb2/libc.a(lib_a-memmove.o)
                0x0020d2fc                memmove
 .text          0x0020d3bc       0x88 /home/user/CodeSourcery/Sourcery_G++_Lite/bin/../lib/gcc/arm-none-eabi/4.3.2/../../../../arm-none-eabi/lib/thumb2/libc.a(lib_a-memset.o)
                0x0020d3bc                memset
 .text          0x0020d444       0x34 /home/user/CodeSourcery/Sourcery_G++_Lite/bin/../lib/gcc/arm-none-eabi/4.3.2/../../../../arm-none-eabi/lib/thumb2/libc.a(lib_a-strlen.o)
                0x0020d444                strlen
 .text          0x0020d478       0x88 /home/user/CodeSourcery/Sourcery_G++_Lite/bin/../lib/gcc/arm-none-eabi/4.3.2/../../../../arm-none-eabi/lib/thumb2/libc.a(lib_a-strncasecmp.o)
                0x0020d478                strncasecmp
 .text          0x0020d500       0x88 /home/user/CodeSourcery/Sourcery_G++_Lite/bin/../lib/gcc/arm-none-eabi/4.3.2/../../../../arm-none-eabi/lib/thumb2/libc.a(lib_a-strncmp.o)
                0x0020d500                strncmp
 *(SORT(.rodata*))
 .rodata.autostart_processes
                0x0020d588       0x14 mqtt-demo.co
                0x0020d588                autostart_processes
 .rodata.broker_ip
                0x0020d59c        0x4 mqtt-demo.co
 .rodata.button_select_sensor
                0x0020d5a0       0x10 contiki-cc2538dk.a(button-sensor.o)
                0x0020d5a0                button_select_sensor
 .rodata.button_up_sensor
                0x0020d5b0       0x10 contiki-cc2538dk.a(button-sensor.o)
                0x0020d5b0                button_up_sensor
 .rodata.button_left_sensor
                0x0020d5c0       0x10 contiki-cc2538dk.a(button-sensor.o)
                0x0020d5c0                button_left_sensor
 .rodata.button_right_sensor
                0x0020d5d0       0x10 contiki-cc2538dk.a(button-sensor.o)
                0x0020d5d0                button_right_sensor
 .rodata.button_down_sensor
                0x0020d5e0       0x10 contiki-cc2538dk.a(button-sensor.o)
                0x0020d5e0                button_down_sensor
 .rodata.als_sensor
                0x0020d5f0       0x10 contiki-cc2538dk.a(als-sensor.o)
                0x0020d5f0                als_sensor
 .rodata.uart_regs
                0x0020d600       0x58 contiki-cc2538dk.a(uart.o)
 .rodata.cc2538_rf_driver
                0x0020d658       0x38 contiki-cc2538dk.a(cc2538-rf.o)
                0x0020d658                cc2538_rf_driver
 .rodata.output_power
                0x0020d690       0x70 contiki-cc2538dk.a(cc2538-rf.o)
 .rodata.cc2538_temp_sensor
                0x0020d700       0x10 contiki-cc2538dk.a(cc2538-temp-sen)
                0x0020d700                cc2538_temp_sensor
 .rodata.vdd3_sensor
                0x0020d710       0x10 contiki-cc2538dk.a(vdd3-sensor.o)
                0x0020d710                vdd3_sensor
 .rodata.sicslowpan_driver
                0x0020d720        0xc contiki-cc2538dk.a(sicslowpan.o)
                0x0020d720                sicslowpan_driver
 .rodata.packetbuf
                0x0020d72c        0x4 contiki-cc2538dk.a(packetbuf.o)
 .rodata.contikimac_driver
                0x0020d730       0x20 contiki-cc2538dk.a(contikimac.o)
                0x0020d730                contikimac_driver
 .rodata.csma_driver
                0x0020d750       0x1c contiki-cc2538dk.a(csma.o)
                0x0020d750                csma_driver
 .rodata.framer_802154
                0x0020d76c       0x10 contiki-cc2538dk.a(framer-802154.o)
                0x0020d76c                framer_802154
 .rodata.nullsec_driver
                0x0020d77c       0x18 contiki-cc2538dk.a(nullsec.o)
                0x0020d77c                nullsec_driver
 .rodata.str1.1
                0x0020d794      0x37d mqtt-demo.co
                                0x384 (size before relaxing)
 .rodata.str1.1
                0x0020db11       0x14 contiki-cc2538dk.a(mqtt.o)
 .rodata.str1.1
                0x0020db25       0x66 contiki-cc2538dk.a(contiki-main.o)
                                 0x84 (size before relaxing)
 .rodata.str1.1
                0x0020db8b        0x8 contiki-cc2538dk.a(sensors.o)
 .rodata.str1.1
                0x0020db93        0x7 contiki-cc2538dk.a(button-sensor.o)
 .rodata.str1.1
                0x0020db9a        0x4 contiki-cc2538dk.a(als-sensor.o)
 .rodata.str1.1
                0x0020db9e       0x11 contiki-cc2538dk.a(cc2538-rf.o)
 .rodata.str1.1
                0x0020dbaf       0x14 contiki-cc2538dk.a(cc2538-temp-sen)
 .rodata.str1.1
                0x0020dbc3        0x5 contiki-cc2538dk.a(vdd3-sensor.o)
 .rodata.buffer.1352
                0x0020dbc8       0x10 contiki-cc2538dk.a(strformat.o)
 .rodata.str1.1
                0x0020dbd8       0x35 contiki-cc2538dk.a(strformat.o)
                                 0x37 (size before relaxing)
 .rodata.buffer.1366
                0x0020dc0d       0x10 contiki-cc2538dk.a(strformat.o)
 .rodata.str1.1
                0x0020dc1d        0xf contiki-cc2538dk.a(ctimer.o)
 .rodata.str1.1
                0x0020dc2c        0xc contiki-cc2538dk.a(etimer.o)
 .rodata.str1.1
                0x0020dc38        0xe contiki-cc2538dk.a(serial-line.o)
 .rodata.C.44.4695
                0x0020dc46        0x2 contiki-cc2538dk.a(sicslowpan.o)
 .rodata.ttl_values
                0x0020dc48        0x4 contiki-cc2538dk.a(sicslowpan.o)
 .rodata.unc_llconf
                0x0020dc4c        0x4 contiki-cc2538dk.a(sicslowpan.o)
                0x0020dc4c                unc_llconf
 .rodata.llprefix
                0x0020dc50        0x2 contiki-cc2538dk.a(sicslowpan.o)
                0x0020dc50                llprefix
 .rodata.unc_mxconf
                0x0020dc52        0x4 contiki-cc2538dk.a(sicslowpan.o)
                0x0020dc52                unc_mxconf
 .rodata.str1.1
                0x0020dc56        0xb contiki-cc2538dk.a(sicslowpan.o)
 .rodata.unc_ctxconf
                0x0020dc61        0x4 contiki-cc2538dk.a(sicslowpan.o)
                0x0020dc61                unc_ctxconf
 .rodata.str1.1
                0x0020dc65        0xd contiki-cc2538dk.a(tcpip.o)
 .rodata.str1.1
                0x0020dc72       0x99 contiki-cc2538dk.a(tcp-socket.o)
 .rodata.str1.1
                0x0020dd0b       0x1e contiki-cc2538dk.a(uip-debug.o)
                                 0x29 (size before relaxing)
 .rodata.linkaddr_null
                0x0020dd29        0x8 contiki-cc2538dk.a(linkaddr.o)
                0x0020dd29                linkaddr_null
 .rodata.str1.1
                0x0020dd31        0xb contiki-cc2538dk.a(contikimac.o)
 .rodata.str1.1
                0x0020dd3c        0x5 contiki-cc2538dk.a(csma.o)
 .rodata.str1.1
                0x0020dd41        0x8 contiki-cc2538dk.a(nullsec.o)
 .rodata        0x0020dd49      0x100 /home/user/CodeSourcery/Sourcery_G++_Lite/bin/../lib/gcc/arm-none-eabi/4.3.2/thumb2/libgcc.a(_clz.o)
                0x0020dd49                __clz_tab
 .rodata        0x0020de49      0x101 /home/user/CodeSourcery/Sourcery_G++_Lite/bin/../lib/gcc/arm-none-eabi/4.3.2/../../../../arm-none-eabi/lib/thumb2/libc.a(lib_a-ctype_.o)
                0x0020de49                _ctype_
                0x0020df4a                _etext = .

.glue_7         0x0020df4c        0x0 load address 0x0020df4a
 .glue_7        0x0020df4c        0x0 obj_cc2538dk/startup-gcc.o
 .glue_7        0x0020df4c        0x0 mqtt-demo.co
 .glue_7        0x0020df4c        0x0 contiki-cc2538dk.a(mqtt.o)
 .glue_7        0x0020df4c        0x0 contiki-cc2538dk.a(leds.o)
 .glue_7        0x0020df4c        0x0 contiki-cc2538dk.a(leds-arch.o)
 .glue_7        0x0020df4c        0x0 contiki-cc2538dk.a(contiki-main.o)
 .glue_7        0x0020df4c        0x0 contiki-cc2538dk.a(sensors.o)
 .glue_7        0x0020df4c        0x0 contiki-cc2538dk.a(smartrf-sensors)
 .glue_7        0x0020df4c        0x0 contiki-cc2538dk.a(button-sensor.o)
 .glue_7        0x0020df4c        0x0 contiki-cc2538dk.a(als-sensor.o)
 .glue_7        0x0020df4c        0x0 contiki-cc2538dk.a(clock.o)
 .glue_7        0x0020df4c        0x0 contiki-cc2538dk.a(rtimer-arch.o)
 .glue_7        0x0020df4c        0x0 contiki-cc2538dk.a(uart.o)
 .glue_7        0x0020df4c        0x0 contiki-cc2538dk.a(watchdog.o)
 .glue_7        0x0020df4c        0x0 contiki-cc2538dk.a(nvic.o)
 .glue_7        0x0020df4c        0x0 contiki-cc2538dk.a(cpu.o)
 .glue_7        0x0020df4c        0x0 contiki-cc2538dk.a(sys-ctrl.o)
 .glue_7        0x0020df4c        0x0 contiki-cc2538dk.a(gpio.o)
 .glue_7        0x0020df4c        0x0 contiki-cc2538dk.a(ioc.o)
 .glue_7        0x0020df4c        0x0 contiki-cc2538dk.a(adc.o)
 .glue_7        0x0020df4c        0x0 contiki-cc2538dk.a(crypto.o)
 .glue_7        0x0020df4c        0x0 contiki-cc2538dk.a(cc2538-rf.o)
 .glue_7        0x0020df4c        0x0 contiki-cc2538dk.a(udma.o)
 .glue_7        0x0020df4c        0x0 contiki-cc2538dk.a(lpm.o)
 .glue_7        0x0020df4c        0x0 contiki-cc2538dk.a(dbg.o)
 .glue_7        0x0020df4c        0x0 contiki-cc2538dk.a(ieee-addr.o)
 .glue_7        0x0020df4c        0x0 contiki-cc2538dk.a(cc2538-temp-sen)
 .glue_7        0x0020df4c        0x0 contiki-cc2538dk.a(vdd3-sensor.o)
 .glue_7        0x0020df4c        0x0 contiki-cc2538dk.a(dbg-printf.o)
 .glue_7        0x0020df4c        0x0 contiki-cc2538dk.a(dbg-snprintf.o)
 .glue_7        0x0020df4c        0x0 contiki-cc2538dk.a(strformat.o)
 .glue_7        0x0020df4c        0x0 contiki-cc2538dk.a(autostart.o)
 .glue_7        0x0020df4c        0x0 contiki-cc2538dk.a(ctimer.o)
 .glue_7        0x0020df4c        0x0 contiki-cc2538dk.a(energest.o)
 .glue_7        0x0020df4c        0x0 contiki-cc2538dk.a(etimer.o)
 .glue_7        0x0020df4c        0x0 contiki-cc2538dk.a(process.o)
 .glue_7        0x0020df4c        0x0 contiki-cc2538dk.a(rtimer.o)
 .glue_7        0x0020df4c        0x0 contiki-cc2538dk.a(timer.o)
 .glue_7        0x0020df4c        0x0 contiki-cc2538dk.a(serial-line.o)
 .glue_7        0x0020df4c        0x0 contiki-cc2538dk.a(list.o)
 .glue_7        0x0020df4c        0x0 contiki-cc2538dk.a(random.o)
 .glue_7        0x0020df4c        0x0 contiki-cc2538dk.a(ringbuf.o)
 .glue_7        0x0020df4c        0x0 contiki-cc2538dk.a(sicslowpan.o)
 .glue_7        0x0020df4c        0x0 contiki-cc2538dk.a(uip6.o)
 .glue_7        0x0020df4c        0x0 contiki-cc2538dk.a(uip-ds6.o)
 .glue_7        0x0020df4c        0x0 contiki-cc2538dk.a(uip-ds6-nbr.o)
 .glue_7        0x0020df4c        0x0 contiki-cc2538dk.a(uip-ds6-route.o)
 .glue_7        0x0020df4c        0x0 contiki-cc2538dk.a(uip-icmp6.o)
 .glue_7        0x0020df4c        0x0 contiki-cc2538dk.a(uip-nd6.o)
 .glue_7        0x0020df4c        0x0 contiki-cc2538dk.a(tcpip.o)
 .glue_7        0x0020df4c        0x0 contiki-cc2538dk.a(tcp-socket.o)
 .glue_7        0x0020df4c        0x0 contiki-cc2538dk.a(uip-debug.o)
 .glue_7        0x0020df4c        0x0 contiki-cc2538dk.a(uiplib.o)
 .glue_7        0x0020df4c        0x0 contiki-cc2538dk.a(linkaddr.o)
 .glue_7        0x0020df4c        0x0 contiki-cc2538dk.a(nbr-table.o)
 .glue_7        0x0020df4c        0x0 contiki-cc2538dk.a(netstack.o)
 .glue_7        0x0020df4c        0x0 contiki-cc2538dk.a(packetbuf.o)
 .glue_7        0x0020df4c        0x0 contiki-cc2538dk.a(queuebuf.o)
 .glue_7        0x0020df4c        0x0 contiki-cc2538dk.a(contikimac.o)
 .glue_7        0x0020df4c        0x0 contiki-cc2538dk.a(csma.o)
 .glue_7        0x0020df4c        0x0 contiki-cc2538dk.a(framer-802154.o)
 .glue_7        0x0020df4c        0x0 contiki-cc2538dk.a(framer.o)
 .glue_7        0x0020df4c        0x0 contiki-cc2538dk.a(mac.o)
 .glue_7        0x0020df4c        0x0 contiki-cc2538dk.a(mac-sequence.o)
 .glue_7        0x0020df4c        0x0 contiki-cc2538dk.a(nullsec.o)
 .glue_7        0x0020df4c        0x0 contiki-cc2538dk.a(netstack-aes.o)
 .glue_7        0x0020df4c        0x0 contiki-cc2538dk.a(rpl.o)
 .glue_7        0x0020df4c        0x0 contiki-cc2538dk.a(rpl-dag.o)
 .glue_7        0x0020df4c        0x0 contiki-cc2538dk.a(rpl-icmp6.o)
 .glue_7        0x0020df4c        0x0 contiki-cc2538dk.a(rpl-timers.o)
 .glue_7        0x0020df4c        0x0 contiki-cc2538dk.a(rpl-mrhof.o)
 .glue_7        0x0020df4c        0x0 contiki-cc2538dk.a(rpl-ext-header.)
 .glue_7        0x0020df4c        0x0 contiki-cc2538dk.a(oled-arch.o)
 .glue_7        0x0020df4c        0x0 contiki-cc2538dk.a(oled.o)
 .glue_7        0x0020df4c        0x0 contiki-cc2538dk.a(stimer.o)
 .glue_7        0x0020df4c        0x0 contiki-cc2538dk.a(memb.o)
 .glue_7        0x0020df4c        0x0 contiki-cc2538dk.a(frame802154.o)
 .glue_7        0x0020df4c        0x0 contiki-cc2538dk.a(aes-ccm.o)
 .glue_7        0x0020df4c        0x0 /home/user/CodeSourcery/Sourcery_G++_Lite/bin/../lib/gcc/arm-none-eabi/4.3.2/thumb2/libgcc.a(_aeabi_uldivmod.o)
 .glue_7        0x0020df4c        0x0 /home/user/CodeSourcery/Sourcery_G++_Lite/bin/../lib/gcc/arm-none-eabi/4.3.2/thumb2/libgcc.a(bpabi.o)
 .glue_7        0x0020df4c        0x0 /home/user/CodeSourcery/Sourcery_G++_Lite/bin/../lib/gcc/arm-none-eabi/4.3.2/thumb2/libgcc.a(_dvmd_tls.o)
 .glue_7        0x0020df4c        0x0 /home/user/CodeSourcery/Sourcery_G++_Lite/bin/../lib/gcc/arm-none-eabi/4.3.2/thumb2/libgcc.a(_divdi3.o)
 .glue_7        0x0020df4c        0x0 /home/user/CodeSourcery/Sourcery_G++_Lite/bin/../lib/gcc/arm-none-eabi/4.3.2/thumb2/libgcc.a(_udivdi3.o)
 .glue_7        0x0020df4c        0x0 /home/user/CodeSourcery/Sourcery_G++_Lite/bin/../lib/gcc/arm-none-eabi/4.3.2/thumb2/libgcc.a(_udivsi3.o)
 .glue_7        0x0020df4c        0x0 /home/user/CodeSourcery/Sourcery_G++_Lite/bin/../lib/gcc/arm-none-eabi/4.3.2/thumb2/libgcc.a(_clz.o)
 .glue_7        0x0020df4c        0x0 /home/user/CodeSourcery/Sourcery_G++_Lite/bin/../lib/gcc/arm-none-eabi/4.3.2/../../../../arm-none-eabi/lib/thumb2/libc.a(lib_a-memcmp.o)
 .glue_7        0x0020df4c        0x0 /home/user/CodeSourcery/Sourcery_G++_Lite/bin/../lib/gcc/arm-none-eabi/4.3.2/../../../../arm-none-eabi/lib/thumb2/libc.a(lib_a-memcpy.o)
 .glue_7        0x0020df4c        0x0 /home/user/CodeSourcery/Sourcery_G++_Lite/bin/../lib/gcc/arm-none-eabi/4.3.2/../../../../arm-none-eabi/lib/thumb2/libc.a(lib_a-memmove.o)
 .glue_7        0x0020df4c        0x0 /home/user/CodeSourcery/Sourcery_G++_Lite/bin/../lib/gcc/arm-none-eabi/4.3.2/../../../../arm-none-eabi/lib/thumb2/libc.a(lib_a-memset.o)
 .glue_7        0x0020df4c        0x0 /home/user/CodeSourcery/Sourcery_G++_Lite/bin/../lib/gcc/arm-none-eabi/4.3.2/../../../../arm-none-eabi/lib/thumb2/libc.a(lib_a-strlen.o)
 .glue_7        0x0020df4c        0x0 /home/user/CodeSourcery/Sourcery_G++_Lite/bin/../lib/gcc/arm-none-eabi/4.3.2/../../../../arm-none-eabi/lib/thumb2/libc.a(lib_a-strncasecmp.o)
 .glue_7        0x0020df4c        0x0 /home/user/CodeSourcery/Sourcery_G++_Lite/bin/../lib/gcc/arm-none-eabi/4.3.2/../../../../arm-none-eabi/lib/thumb2/libc.a(lib_a-strncmp.o)
 .glue_7        0x0020df4c        0x0 /home/user/CodeSourcery/Sourcery_G++_Lite/bin/../lib/gcc/arm-none-eabi/4.3.2/../../../../arm-none-eabi/lib/thumb2/libc.a(lib_a-ctype_.o)

.glue_7t        0x0020df4c        0x0 load address 0x0020df4a
 .glue_7t       0x0020df4c        0x0 obj_cc2538dk/startup-gcc.o
 .glue_7t       0x0020df4c        0x0 mqtt-demo.co
 .glue_7t       0x0020df4c        0x0 contiki-cc2538dk.a(mqtt.o)
 .glue_7t       0x0020df4c        0x0 contiki-cc2538dk.a(leds.o)
 .glue_7t       0x0020df4c        0x0 contiki-cc2538dk.a(leds-arch.o)
 .glue_7t       0x0020df4c        0x0 contiki-cc2538dk.a(contiki-main.o)
 .glue_7t       0x0020df4c        0x0 contiki-cc2538dk.a(sensors.o)
 .glue_7t       0x0020df4c        0x0 contiki-cc2538dk.a(smartrf-sensors)
 .glue_7t       0x0020df4c        0x0 contiki-cc2538dk.a(button-sensor.o)
 .glue_7t       0x0020df4c        0x0 contiki-cc2538dk.a(als-sensor.o)
 .glue_7t       0x0020df4c        0x0 contiki-cc2538dk.a(clock.o)
 .glue_7t       0x0020df4c        0x0 contiki-cc2538dk.a(rtimer-arch.o)
 .glue_7t       0x0020df4c        0x0 contiki-cc2538dk.a(uart.o)
 .glue_7t       0x0020df4c        0x0 contiki-cc2538dk.a(watchdog.o)
 .glue_7t       0x0020df4c        0x0 contiki-cc2538dk.a(nvic.o)
 .glue_7t       0x0020df4c        0x0 contiki-cc2538dk.a(cpu.o)
 .glue_7t       0x0020df4c        0x0 contiki-cc2538dk.a(sys-ctrl.o)
 .glue_7t       0x0020df4c        0x0 contiki-cc2538dk.a(gpio.o)
 .glue_7t       0x0020df4c        0x0 contiki-cc2538dk.a(ioc.o)
 .glue_7t       0x0020df4c        0x0 contiki-cc2538dk.a(adc.o)
 .glue_7t       0x0020df4c        0x0 contiki-cc2538dk.a(crypto.o)
 .glue_7t       0x0020df4c        0x0 contiki-cc2538dk.a(cc2538-rf.o)
 .glue_7t       0x0020df4c        0x0 contiki-cc2538dk.a(udma.o)
 .glue_7t       0x0020df4c        0x0 contiki-cc2538dk.a(lpm.o)
 .glue_7t       0x0020df4c        0x0 contiki-cc2538dk.a(dbg.o)
 .glue_7t       0x0020df4c        0x0 contiki-cc2538dk.a(ieee-addr.o)
 .glue_7t       0x0020df4c        0x0 contiki-cc2538dk.a(cc2538-temp-sen)
 .glue_7t       0x0020df4c        0x0 contiki-cc2538dk.a(vdd3-sensor.o)
 .glue_7t       0x0020df4c        0x0 contiki-cc2538dk.a(dbg-printf.o)
 .glue_7t       0x0020df4c        0x0 contiki-cc2538dk.a(dbg-snprintf.o)
 .glue_7t       0x0020df4c        0x0 contiki-cc2538dk.a(strformat.o)
 .glue_7t       0x0020df4c        0x0 contiki-cc2538dk.a(autostart.o)
 .glue_7t       0x0020df4c        0x0 contiki-cc2538dk.a(ctimer.o)
 .glue_7t       0x0020df4c        0x0 contiki-cc2538dk.a(energest.o)
 .glue_7t       0x0020df4c        0x0 contiki-cc2538dk.a(etimer.o)
 .glue_7t       0x0020df4c        0x0 contiki-cc2538dk.a(process.o)
 .glue_7t       0x0020df4c        0x0 contiki-cc2538dk.a(rtimer.o)
 .glue_7t       0x0020df4c        0x0 contiki-cc2538dk.a(timer.o)
 .glue_7t       0x0020df4c        0x0 contiki-cc2538dk.a(serial-line.o)
 .glue_7t       0x0020df4c        0x0 contiki-cc2538dk.a(list.o)
 .glue_7t       0x0020df4c        0x0 contiki-cc2538dk.a(random.o)
 .glue_7t       0x0020df4c        0x0 contiki-cc2538dk.a(ringbuf.o)
 .glue_7t       0x0020df4c        0x0 contiki-cc2538dk.a(sicslowpan.o)
 .glue_7t       0x0020df4c        0x0 contiki-cc2538dk.a(uip6.o)
 .glue_7t       0x0020df4c        0x0 contiki-cc2538dk.a(uip-ds6.o)
 .glue_7t       0x0020df4c        0x0 contiki-cc2538dk.a(uip-ds6-nbr.o)
 .glue_7t       0x0020df4c        0x0 contiki-cc2538dk.a(uip-ds6-route.o)
 .glue_7t       0x0020df4c        0x0 contiki-cc2538dk.a(uip-icmp6.o)
 .glue_7t       0x0020df4c        0x0 contiki-cc2538dk.a(uip-nd6.o)
 .glue_7t       0x0020df4c        0x0 contiki-cc2538dk.a(tcpip.o)
 .glue_7t       0x0020df4c        0x0 contiki-cc2538dk.a(tcp-socket.o)
 .glue_7t       0x0020df4c        0x0 contiki-cc2538dk.a(uip-debug.o)
 .glue_7t       0x0020df4c        0x0 contiki-cc2538dk.a(uiplib.o)
 .glue_7t       0x0020df4c        0x0 contiki-cc2538dk.a(linkaddr.o)
 .glue_7t       0x0020df4c        0x0 contiki-cc2538dk.a(nbr-table.o)
 .glue_7t       0x0020df4c        0x0 contiki-cc2538dk.a(netstack.o)
 .glue_7t       0x0020df4c        0x0 contiki-cc2538dk.a(packetbuf.o)
 .glue_7t       0x0020df4c        0x0 contiki-cc2538dk.a(queuebuf.o)
 .glue_7t       0x0020df4c        0x0 contiki-cc2538dk.a(contikimac.o)
 .glue_7t       0x0020df4c        0x0 contiki-cc2538dk.a(csma.o)
 .glue_7t       0x0020df4c        0x0 contiki-cc2538dk.a(framer-802154.o)
 .glue_7t       0x0020df4c        0x0 contiki-cc2538dk.a(framer.o)
 .glue_7t       0x0020df4c        0x0 contiki-cc2538dk.a(mac.o)
 .glue_7t       0x0020df4c        0x0 contiki-cc2538dk.a(mac-sequence.o)
 .glue_7t       0x0020df4c        0x0 contiki-cc2538dk.a(nullsec.o)
 .glue_7t       0x0020df4c        0x0 contiki-cc2538dk.a(netstack-aes.o)
 .glue_7t       0x0020df4c        0x0 contiki-cc2538dk.a(rpl.o)
 .glue_7t       0x0020df4c        0x0 contiki-cc2538dk.a(rpl-dag.o)
 .glue_7t       0x0020df4c        0x0 contiki-cc2538dk.a(rpl-icmp6.o)
 .glue_7t       0x0020df4c        0x0 contiki-cc2538dk.a(rpl-timers.o)
 .glue_7t       0x0020df4c        0x0 contiki-cc2538dk.a(rpl-mrhof.o)
 .glue_7t       0x0020df4c        0x0 contiki-cc2538dk.a(rpl-ext-header.)
 .glue_7t       0x0020df4c        0x0 contiki-cc2538dk.a(oled-arch.o)
 .glue_7t       0x0020df4c        0x0 contiki-cc2538dk.a(oled.o)
 .glue_7t       0x0020df4c        0x0 contiki-cc2538dk.a(stimer.o)
 .glue_7t       0x0020df4c        0x0 contiki-cc2538dk.a(memb.o)
 .glue_7t       0x0020df4c        0x0 contiki-cc2538dk.a(frame802154.o)
 .glue_7t       0x0020df4c        0x0 contiki-cc2538dk.a(aes-ccm.o)
 .glue_7t       0x0020df4c        0x0 /home/user/CodeSourcery/Sourcery_G++_Lite/bin/../lib/gcc/arm-none-eabi/4.3.2/thumb2/libgcc.a(_aeabi_uldivmod.o)
 .glue_7t       0x0020df4c        0x0 /home/user/CodeSourcery/Sourcery_G++_Lite/bin/../lib/gcc/arm-none-eabi/4.3.2/thumb2/libgcc.a(bpabi.o)
 .glue_7t       0x0020df4c        0x0 /home/user/CodeSourcery/Sourcery_G++_Lite/bin/../lib/gcc/arm-none-eabi/4.3.2/thumb2/libgcc.a(_dvmd_tls.o)
 .glue_7t       0x0020df4c        0x0 /home/user/CodeSourcery/Sourcery_G++_Lite/bin/../lib/gcc/arm-none-eabi/4.3.2/thumb2/libgcc.a(_divdi3.o)
 .glue_7t       0x0020df4c        0x0 /home/user/CodeSourcery/Sourcery_G++_Lite/bin/../lib/gcc/arm-none-eabi/4.3.2/thumb2/libgcc.a(_udivdi3.o)
 .glue_7t       0x0020df4c        0x0 /home/user/CodeSourcery/Sourcery_G++_Lite/bin/../lib/gcc/arm-none-eabi/4.3.2/thumb2/libgcc.a(_udivsi3.o)
 .glue_7t       0x0020df4c        0x0 /home/user/CodeSourcery/Sourcery_G++_Lite/bin/../lib/gcc/arm-none-eabi/4.3.2/thumb2/libgcc.a(_clz.o)
 .glue_7t       0x0020df4c        0x0 /home/user/CodeSourcery/Sourcery_G++_Lite/bin/../lib/gcc/arm-none-eabi/4.3.2/../../../../arm-none-eabi/lib/thumb2/libc.a(lib_a-memcmp.o)
 .glue_7t       0x0020df4c        0x0 /home/user/CodeSourcery/Sourcery_G++_Lite/bin/../lib/gcc/arm-none-eabi/4.3.2/../../../../arm-none-eabi/lib/thumb2/libc.a(lib_a-memcpy.o)
 .glue_7t       0x0020df4c        0x0 /home/user/CodeSourcery/Sourcery_G++_Lite/bin/../lib/gcc/arm-none-eabi/4.3.2/../../../../arm-none-eabi/lib/thumb2/libc.a(lib_a-memmove.o)
 .glue_7t       0x0020df4c        0x0 /home/user/CodeSourcery/Sourcery_G++_Lite/bin/../lib/gcc/arm-none-eabi/4.3.2/../../../../arm-none-eabi/lib/thumb2/libc.a(lib_a-memset.o)
 .glue_7t       0x0020df4c        0x0 /home/user/CodeSourcery/Sourcery_G++_Lite/bin/../lib/gcc/arm-none-eabi/4.3.2/../../../../arm-none-eabi/lib/thumb2/libc.a(lib_a-strlen.o)
 .glue_7t       0x0020df4c        0x0 /home/user/CodeSourcery/Sourcery_G++_Lite/bin/../lib/gcc/arm-none-eabi/4.3.2/../../../../arm-none-eabi/lib/thumb2/libc.a(lib_a-strncasecmp.o)
 .glue_7t       0x0020df4c        0x0 /home/user/CodeSourcery/Sourcery_G++_Lite/bin/../lib/gcc/arm-none-eabi/4.3.2/../../../../arm-none-eabi/lib/thumb2/libc.a(lib_a-strncmp.o)
 .glue_7t       0x0020df4c        0x0 /home/user/CodeSourcery/Sourcery_G++_Lite/bin/../lib/gcc/arm-none-eabi/4.3.2/../../../../arm-none-eabi/lib/thumb2/libc.a(lib_a-ctype_.o)

.vfp11_veneer   0x0020df4c        0x0 load address 0x0020df4a
 .vfp11_veneer  0x0020df4c        0x0 obj_cc2538dk/startup-gcc.o
 .vfp11_veneer  0x0020df4c        0x0 mqtt-demo.co
 .vfp11_veneer  0x0020df4c        0x0 contiki-cc2538dk.a(mqtt.o)
 .vfp11_veneer  0x0020df4c        0x0 contiki-cc2538dk.a(leds.o)
 .vfp11_veneer  0x0020df4c        0x0 contiki-cc2538dk.a(leds-arch.o)
 .vfp11_veneer  0x0020df4c        0x0 contiki-cc2538dk.a(contiki-main.o)
 .vfp11_veneer  0x0020df4c        0x0 contiki-cc2538dk.a(sensors.o)
 .vfp11_veneer  0x0020df4c        0x0 contiki-cc2538dk.a(smartrf-sensors)
 .vfp11_veneer  0x0020df4c        0x0 contiki-cc2538dk.a(button-sensor.o)
 .vfp11_veneer  0x0020df4c        0x0 contiki-cc2538dk.a(als-sensor.o)
 .vfp11_veneer  0x0020df4c        0x0 contiki-cc2538dk.a(clock.o)
 .vfp11_veneer  0x0020df4c        0x0 contiki-cc2538dk.a(rtimer-arch.o)
 .vfp11_veneer  0x0020df4c        0x0 contiki-cc2538dk.a(uart.o)
 .vfp11_veneer  0x0020df4c        0x0 contiki-cc2538dk.a(watchdog.o)
 .vfp11_veneer  0x0020df4c        0x0 contiki-cc2538dk.a(nvic.o)
 .vfp11_veneer  0x0020df4c        0x0 contiki-cc2538dk.a(cpu.o)
 .vfp11_veneer  0x0020df4c        0x0 contiki-cc2538dk.a(sys-ctrl.o)
 .vfp11_veneer  0x0020df4c        0x0 contiki-cc2538dk.a(gpio.o)
 .vfp11_veneer  0x0020df4c        0x0 contiki-cc2538dk.a(ioc.o)
 .vfp11_veneer  0x0020df4c        0x0 contiki-cc2538dk.a(adc.o)
 .vfp11_veneer  0x0020df4c        0x0 contiki-cc2538dk.a(crypto.o)
 .vfp11_veneer  0x0020df4c        0x0 contiki-cc2538dk.a(cc2538-rf.o)
 .vfp11_veneer  0x0020df4c        0x0 contiki-cc2538dk.a(udma.o)
 .vfp11_veneer  0x0020df4c        0x0 contiki-cc2538dk.a(lpm.o)
 .vfp11_veneer  0x0020df4c        0x0 contiki-cc2538dk.a(dbg.o)
 .vfp11_veneer  0x0020df4c        0x0 contiki-cc2538dk.a(ieee-addr.o)
 .vfp11_veneer  0x0020df4c        0x0 contiki-cc2538dk.a(cc2538-temp-sen)
 .vfp11_veneer  0x0020df4c        0x0 contiki-cc2538dk.a(vdd3-sensor.o)
 .vfp11_veneer  0x0020df4c        0x0 contiki-cc2538dk.a(dbg-printf.o)
 .vfp11_veneer  0x0020df4c        0x0 contiki-cc2538dk.a(dbg-snprintf.o)
 .vfp11_veneer  0x0020df4c        0x0 contiki-cc2538dk.a(strformat.o)
 .vfp11_veneer  0x0020df4c        0x0 contiki-cc2538dk.a(autostart.o)
 .vfp11_veneer  0x0020df4c        0x0 contiki-cc2538dk.a(ctimer.o)
 .vfp11_veneer  0x0020df4c        0x0 contiki-cc2538dk.a(energest.o)
 .vfp11_veneer  0x0020df4c        0x0 contiki-cc2538dk.a(etimer.o)
 .vfp11_veneer  0x0020df4c        0x0 contiki-cc2538dk.a(process.o)
 .vfp11_veneer  0x0020df4c        0x0 contiki-cc2538dk.a(rtimer.o)
 .vfp11_veneer  0x0020df4c        0x0 contiki-cc2538dk.a(timer.o)
 .vfp11_veneer  0x0020df4c        0x0 contiki-cc2538dk.a(serial-line.o)
 .vfp11_veneer  0x0020df4c        0x0 contiki-cc2538dk.a(list.o)
 .vfp11_veneer  0x0020df4c        0x0 contiki-cc2538dk.a(random.o)
 .vfp11_veneer  0x0020df4c        0x0 contiki-cc2538dk.a(ringbuf.o)
 .vfp11_veneer  0x0020df4c        0x0 contiki-cc2538dk.a(sicslowpan.o)
 .vfp11_veneer  0x0020df4c        0x0 contiki-cc2538dk.a(uip6.o)
 .vfp11_veneer  0x0020df4c        0x0 contiki-cc2538dk.a(uip-ds6.o)
 .vfp11_veneer  0x0020df4c        0x0 contiki-cc2538dk.a(uip-ds6-nbr.o)
 .vfp11_veneer  0x0020df4c        0x0 contiki-cc2538dk.a(uip-ds6-route.o)
 .vfp11_veneer  0x0020df4c        0x0 contiki-cc2538dk.a(uip-icmp6.o)
 .vfp11_veneer  0x0020df4c        0x0 contiki-cc2538dk.a(uip-nd6.o)
 .vfp11_veneer  0x0020df4c        0x0 contiki-cc2538dk.a(tcpip.o)
 .vfp11_veneer  0x0020df4c        0x0 contiki-cc2538dk.a(tcp-socket.o)
 .vfp11_veneer  0x0020df4c        0x0 contiki-cc2538dk.a(uip-debug.o)
 .vfp11_veneer  0x0020df4c        0x0 contiki-cc2538dk.a(uiplib.o)
 .vfp11_veneer  0x0020df4c        0x0 contiki-cc2538dk.a(linkaddr.o)
 .vfp11_veneer  0x0020df4c        0x0 contiki-cc2538dk.a(nbr-table.o)
 .vfp11_veneer  0x0020df4c        0x0 contiki-cc2538dk.a(netstack.o)
 .vfp11_veneer  0x0020df4c        0x0 contiki-cc2538dk.a(packetbuf.o)
 .vfp11_veneer  0x0020df4c        0x0 contiki-cc2538dk.a(queuebuf.o)
 .vfp11_veneer  0x0020df4c        0x0 contiki-cc2538dk.a(contikimac.o)
 .vfp11_veneer  0x0020df4c        0x0 contiki-cc2538dk.a(csma.o)
 .vfp11_veneer  0x0020df4c        0x0 contiki-cc2538dk.a(framer-802154.o)
 .vfp11_veneer  0x0020df4c        0x0 contiki-cc2538dk.a(framer.o)
 .vfp11_veneer  0x0020df4c        0x0 contiki-cc2538dk.a(mac.o)
 .vfp11_veneer  0x0020df4c        0x0 contiki-cc2538dk.a(mac-sequence.o)
 .vfp11_veneer  0x0020df4c        0x0 contiki-cc2538dk.a(nullsec.o)
 .vfp11_veneer  0x0020df4c        0x0 contiki-cc2538dk.a(netstack-aes.o)
 .vfp11_veneer  0x0020df4c        0x0 contiki-cc2538dk.a(rpl.o)
 .vfp11_veneer  0x0020df4c        0x0 contiki-cc2538dk.a(rpl-dag.o)
 .vfp11_veneer  0x0020df4c        0x0 contiki-cc2538dk.a(rpl-icmp6.o)
 .vfp11_veneer  0x0020df4c        0x0 contiki-cc2538dk.a(rpl-timers.o)
 .vfp11_veneer  0x0020df4c        0x0 contiki-cc2538dk.a(rpl-mrhof.o)
 .vfp11_veneer  0x0020df4c        0x0 contiki-cc2538dk.a(rpl-ext-header.)
 .vfp11_veneer  0x0020df4c        0x0 contiki-cc2538dk.a(oled-arch.o)